Component: ARM Compiler 5.06 update 7 (build 960) Tool: armlink [4d3601]

==============================================================================

Section Cross References

    startup_at32f403a_407.o(RESET) refers to startup_at32f403a_407.o(STACK) for __initial_sp
    startup_at32f403a_407.o(RESET) refers to startup_at32f403a_407.o(.text) for Reset_Handler
    startup_at32f403a_407.o(RESET) refers to at32f403a_407_int.o(i.NMI_Handler) for NMI_Handler
    startup_at32f403a_407.o(RESET) refers to at32f403a_407_int.o(i.HardFault_Handler) for HardFault_Handler
    startup_at32f403a_407.o(RESET) refers to at32f403a_407_int.o(i.MemManage_Handler) for MemManage_Handler
    startup_at32f403a_407.o(RESET) refers to at32f403a_407_int.o(i.BusFault_Handler) for BusFault_Handler
    startup_at32f403a_407.o(RESET) refers to at32f403a_407_int.o(i.UsageFault_Handler) for UsageFault_Handler
    startup_at32f403a_407.o(RESET) refers to at32f403a_407_int.o(i.SVC_Handler) for SVC_Handler
    startup_at32f403a_407.o(RESET) refers to at32f403a_407_int.o(i.DebugMon_Handler) for DebugMon_Handler
    startup_at32f403a_407.o(RESET) refers to at32f403a_407_int.o(i.PendSV_Handler) for PendSV_Handler
    startup_at32f403a_407.o(RESET) refers to at32f403a_407_int.o(i.SysTick_Handler) for SysTick_Handler
    startup_at32f403a_407.o(RESET) refers to bsp_uart.o(i.USART3_IRQHandler) for USART3_IRQHandler
    startup_at32f403a_407.o(.text) refers to system_at32f403a_407.o(i.SystemInit) for SystemInit
    startup_at32f403a_407.o(.text) refers to entry.o(.ARM.Collect$$$$00000000) for __main
    system_at32f403a_407.o(i.system_core_clock_update) refers to at32f403a_407_crm.o(i.crm_sysclk_switch_status_get) for crm_sysclk_switch_status_get
    system_at32f403a_407.o(i.system_core_clock_update) refers to system_at32f403a_407.o(.data) for system_core_clock
    system_at32f403a_407.o(i.system_core_clock_update) refers to system_at32f403a_407.o(.constdata) for sys_ahb_div_table
    at32f403a_407_adc.o(i.adc_reset) refers to at32f403a_407_crm.o(i.crm_periph_reset) for crm_periph_reset
    at32f403a_407_bpr.o(i.bpr_reset) refers to at32f403a_407_crm.o(i.crm_battery_powered_domain_reset) for crm_battery_powered_domain_reset
    at32f403a_407_can.o(i.can_message_receive) refers to at32f403a_407_can.o(i.can_receive_fifo_release) for can_receive_fifo_release
    at32f403a_407_can.o(i.can_reset) refers to at32f403a_407_crm.o(i.crm_periph_reset) for crm_periph_reset
    at32f403a_407_crm.o(i.crm_clocks_freq_get) refers to at32f403a_407_crm.o(i.crm_sysclk_switch_status_get) for crm_sysclk_switch_status_get
    at32f403a_407_crm.o(i.crm_clocks_freq_get) refers to at32f403a_407_crm.o(.constdata) for sclk_ahb_div_table
    at32f403a_407_crm.o(i.crm_hext_stable_wait) refers to at32f403a_407_crm.o(i.crm_flag_get) for crm_flag_get
    at32f403a_407_crm.o(i.crm_hick_sclk_frequency_select) refers to at32f403a_407_crm.o(i.crm_hick_divider_select) for crm_hick_divider_select
    at32f403a_407_crm.o(i.crm_usb_clock_source_select) refers to at32f403a_407_crm.o(i.crm_hick_sclk_frequency_select) for crm_hick_sclk_frequency_select
    at32f403a_407_dac.o(i.dac_reset) refers to at32f403a_407_crm.o(i.crm_periph_reset) for crm_periph_reset
    at32f403a_407_flash.o(i.flash_bank1_erase) refers to at32f403a_407_flash.o(i.flash_bank1_operation_wait_for) for flash_bank1_operation_wait_for
    at32f403a_407_flash.o(i.flash_bank1_operation_wait_for) refers to at32f403a_407_flash.o(i.flash_bank1_operation_status_get) for flash_bank1_operation_status_get
    at32f403a_407_flash.o(i.flash_bank2_erase) refers to at32f403a_407_flash.o(i.flash_bank2_operation_wait_for) for flash_bank2_operation_wait_for
    at32f403a_407_flash.o(i.flash_bank2_operation_wait_for) refers to at32f403a_407_flash.o(i.flash_bank2_operation_status_get) for flash_bank2_operation_status_get
    at32f403a_407_flash.o(i.flash_byte_program) refers to at32f403a_407_flash.o(i.flash_bank1_operation_wait_for) for flash_bank1_operation_wait_for
    at32f403a_407_flash.o(i.flash_byte_program) refers to at32f403a_407_flash.o(i.flash_bank2_operation_wait_for) for flash_bank2_operation_wait_for
    at32f403a_407_flash.o(i.flash_crc_calibrate) refers to at32f403a_407_flash.o(i.flash_operation_wait_for) for flash_operation_wait_for
    at32f403a_407_flash.o(i.flash_epp_set) refers to at32f403a_407_flash.o(i.flash_operation_wait_for) for flash_operation_wait_for
    at32f403a_407_flash.o(i.flash_epp_set) refers to at32f403a_407_flash.o(.constdata) for .constdata
    at32f403a_407_flash.o(i.flash_fap_enable) refers to at32f403a_407_flash.o(i.flash_operation_wait_for) for flash_operation_wait_for
    at32f403a_407_flash.o(i.flash_halfword_program) refers to at32f403a_407_flash.o(i.flash_bank1_operation_wait_for) for flash_bank1_operation_wait_for
    at32f403a_407_flash.o(i.flash_halfword_program) refers to at32f403a_407_flash.o(i.flash_bank2_operation_wait_for) for flash_bank2_operation_wait_for
[...]
    printf6.o(i.__0printf$6) refers to stdout.o(.data) for __stdout
    printf6.o(i.__0snprintf$6) refers to printf6.o(i._printf_core) for _printf_core
    printf6.o(i.__0snprintf$6) refers to printf6.o(i._snputc) for _snputc
    printf6.o(i.__0sprintf$6) refers to printf6.o(i._printf_core) for _printf_core
    printf6.o(i.__0sprintf$6) refers to printf6.o(i._sputc) for _sputc
    printf6.o(i.__0vfprintf$6) refers to printf6.o(i._printf_core) for _printf_core
    printf6.o(i.__0vfprintf$6) refers to bsp_uart.o(i.fputc) for fputc
    printf6.o(i.__0vprintf$6) refers to printf6.o(i._printf_core) for _printf_core
    printf6.o(i.__0vprintf$6) refers to bsp_uart.o(i.fputc) for fputc
    printf6.o(i.__0vprintf$6) refers to stdout.o(.data) for __stdout
    printf6.o(i.__0vsnprintf$6) refers to printf6.o(i._printf_core) for _printf_core
    printf6.o(i.__0vsnprintf$6) refers to printf6.o(i._snputc) for _snputc
    printf6.o(i.__0vsprintf$6) refers to printf6.o(i._printf_core) for _printf_core
    printf6.o(i.__0vsprintf$6) refers to printf6.o(i._sputc) for _sputc
    printf6.o(i._printf_core) refers to printf6.o(i._printf_pre_padding) for _printf_pre_padding
    printf6.o(i._printf_core) refers to uidiv.o(.text) for __aeabi_uidivmod
    printf6.o(i._printf_core) refers to printf6.o(i._printf_post_padding) for _printf_post_padding
    printf7.o(i.__0fprintf$7) refers to printf7.o(i._printf_core) for _printf_core
    printf7.o(i.__0fprintf$7) refers to bsp_uart.o(i.fputc) for fputc
    printf7.o(i.__0printf$7) refers to printf7.o(i._printf_core) for _printf_core
    printf7.o(i.__0printf$7) refers to bsp_uart.o(i.fputc) for fputc
    printf7.o(i.__0printf$7) refers to stdout.o(.data) for __stdout
    printf7.o(i.__0snprintf$7) refers to printf7.o(i._printf_core) for _printf_core
    printf7.o(i.__0snprintf$7) refers to printf7.o(i._snputc) for _snputc
    printf7.o(i.__0sprintf$7) refers to printf7.o(i._printf_core) for _printf_core
    printf7.o(i.__0sprintf$7) refers to printf7.o(i._sputc) for _sputc
    printf7.o(i.__0vfprintf$7) refers to printf7.o(i._printf_core) for _printf_core
    printf7.o(i.__0vfprintf$7) refers to bsp_uart.o(i.fputc) for fputc
    printf7.o(i.__0vprintf$7) refers to printf7.o(i._printf_core) for _printf_core
    printf7.o(i.__0vprintf$7) refers to bsp_uart.o(i.fputc) for fputc
    printf7.o(i.__0vprintf$7) refers to stdout.o(.data) for __stdout
    printf7.o(i.__0vsnprintf$7) refers to printf7.o(i._printf_core) for _printf_core
    printf7.o(i.__0vsnprintf$7) refers to printf7.o(i._snputc) for _snputc
    printf7.o(i.__0vsprintf$7) refers to printf7.o(i._printf_core) for _printf_core
    printf7.o(i.__0vsprintf$7) refers to printf7.o(i._sputc) for _sputc
    printf7.o(i._printf_core) refers to printf7.o(i._printf_pre_padding) for _printf_pre_padding
    printf7.o(i._printf_core) refers to uldiv.o(.text) for __aeabi_uldivmod
    printf7.o(i._printf_core) refers to printf7.o(i._printf_post_padding) for _printf_post_padding
    printf8.o(i.__0fprintf$8) refers to printf8.o(i._printf_core) for _printf_core
    printf8.o(i.__0fprintf$8) refers to bsp_uart.o(i.fputc) for fputc
    printf8.o(i.__0printf$8) refers to printf8.o(i._printf_core) for _printf_core
    printf8.o(i.__0printf$8) refers to bsp_uart.o(i.fputc) for fputc
    printf8.o(i.__0printf$8) refers to stdout.o(.data) for __stdout
    printf8.o(i.__0snprintf$8) refers to printf8.o(i._printf_core) for _printf_core
    printf8.o(i.__0snprintf$8) refers to printf8.o(i._snputc) for _snputc
    printf8.o(i.__0sprintf$8) refers to printf8.o(i._printf_core) for _printf_core
    printf8.o(i.__0sprintf$8) refers to printf8.o(i._sputc) for _sputc
    printf8.o(i.__0vfprintf$8) refers to printf8.o(i._printf_core) for _printf_core
    printf8.o(i.__0vfprintf$8) refers to bsp_uart.o(i.fputc) for fputc
    printf8.o(i.__0vprintf$8) refers to printf8.o(i._printf_core) for _printf_core
    printf8.o(i.__0vprintf$8) refers to bsp_uart.o(i.fputc) for fputc
    printf8.o(i.__0vprintf$8) refers to stdout.o(.data) for __stdout
    printf8.o(i.__0vsnprintf$8) refers to printf8.o(i._printf_core) for _printf_core
    printf8.o(i.__0vsnprintf$8) refers to printf8.o(i._snputc) for _snputc
    printf8.o(i.__0vsprintf$8) refers to printf8.o(i._printf_core) for _printf_core
    printf8.o(i.__0vsprintf$8) refers to printf8.o(i._sputc) for _sputc
    printf8.o(i._printf_core) refers to printf8.o(i._printf_pre_padding) for _printf_pre_padding
    printf8.o(i._printf_core) refers to uldiv.o(.text) for __aeabi_uldivmod
    printf8.o(i._printf_core) refers to printf8.o(i._printf_post_padding) for _printf_post_padding
    printfa.o(i.__0fprintf) refers (Special) to iusefp.o(.text) for __I$use$fp
    printfa.o(i.__0fprintf) refers to printfa.o(i._printf_core) for _printf_core
    printfa.o(i.__0fprintf) refers to bsp_uart.o(i.fputc) for fputc
    printfa.o(i.__0printf) refers (Special) to iusefp.o(.text) for __I$use$fp
    printfa.o(i.__0printf) refers to printfa.o(i._printf_core) for _printf_core
    printfa.o(i.__0printf) refers to bsp_uart.o(i.fputc) for fputc
    printfa.o(i.__0printf) refers to stdout.o(.data) for __stdout
    printfa.o(i.__0snprintf) refers (Special) to iusefp.o(.text) for __I$use$fp
    printfa.o(i.__0snprintf) refers to printfa.o(i._printf_core) for _printf_core
    printfa.o(i.__0snprintf) refers to printfa.o(i._snputc) for _snputc
    printfa.o(i.__0sprintf) refers (Special) to iusefp.o(.text) for __I$use$fp
    printfa.o(i.__0sprintf) refers to printfa.o(i._printf_core) for _printf_core
    printfa.o(i.__0sprintf) refers to printfa.o(i._sputc) for _sputc
    printfa.o(i.__0vfprintf) refers (Special) to iusefp.o(.text) for __I$use$fp
    printfa.o(i.__0vfprintf) refers to printfa.o(i._printf_core) for _printf_core
    printfa.o(i.__0vfprintf) refers to bsp_uart.o(i.fputc) for fputc
    printfa.o(i.__0vprintf) refers (Special) to iusefp.o(.text) for __I$use$fp
    printfa.o(i.__0vprintf) refers to printfa.o(i._printf_core) for _printf_core
    printfa.o(i.__0vprintf) refers to bsp_uart.o(i.fputc) for fputc
    printfa.o(i.__0vprintf) refers to stdout.o(.data) for __stdout
    printfa.o(i.__0vsnprintf) refers (Special) to iusefp.o(.text) for __I$use$fp
    printfa.o(i.__0vsnprintf) refers to printfa.o(i._printf_core) for _printf_core
    printfa.o(i.__0vsnprintf) refers to printfa.o(i._snputc) for _snputc
    printfa.o(i.__0vsprintf) refers (Special) to iusefp.o(.text) for __I$use$fp
    printfa.o(i.__0vsprintf) refers to printfa.o(i._printf_core) for _printf_core
    printfa.o(i.__0vsprintf) refers to printfa.o(i._sputc) for _sputc
    printfa.o(i._fp_digits) refers (Special) to iusefp.o(.text) for __I$use$fp
    printfa.o(i._fp_digits) refers to dmul.o(.text) for __aeabi_dmul
    printfa.o(i._fp_digits) refers to ddiv.o(.text) for __aeabi_ddiv
    printfa.o(i._fp_digits) refers to cdrcmple.o(.text) for __aeabi_cdrcmple
    printfa.o(i._fp_digits) refers to dadd.o(.text) for __aeabi_dadd
    printfa.o(i._fp_digits) refers to dfixul.o(.text) for __aeabi_d2ulz
    printfa.o(i._fp_digits) refers to uldiv.o(.text) for __aeabi_uldivmod
    printfa.o(i._printf_core) refers (Special) to iusefp.o(.text) for __I$use$fp
    printfa.o(i._printf_core) refers to printfa.o(i._printf_pre_padding) for _printf_pre_padding
    printfa.o(i._printf_core) refers to uldiv.o(.text) for __aeabi_uldivmod
    printfa.o(i._printf_core) refers to printfa.o(i._printf_post_padding) for _printf_post_padding
    printfa.o(i._printf_core) refers to printfa.o(i._fp_digits) for _fp_digits
    printfa.o(i._printf_core) refers to uidiv.o(.text) for __aeabi_uidivmod
    printfa.o(i._printf_post_padding) refers (Special) to iusefp.o(.text) for __I$use$fp
    printfa.o(i._printf_pre_padding) refers (Special) to iusefp.o(.text) for __I$use$fp
    printfa.o(i._snputc) refers (Special) to iusefp.o(.text) for __I$use$fp
    printfa.o(i._sputc) refers (Special) to iusefp.o(.text) for __I$use$fp
    entry2.o(.ARM.Collect$$$$00000001) refers to entry2.o(.ARM.Collect$$$$00002712) for __lit__00000000
    entry2.o(.ARM.Collect$$$$00002712) refers to startup_at32f403a_407.o(STACK) for __initial_sp
    entry2.o(__vectab_stack_and_reset_area) refers to startup_at32f403a_407.o(STACK) for __initial_sp
    entry2.o(__vectab_stack_and_reset_area) refers to entry.o(.ARM.Collect$$$$00000000) for __main
    entry5.o(.ARM.Collect$$$$00000004) refers to init.o(.text) for __scatterload
    entry9a.o(.ARM.Collect$$$$0000000B) refers to main.o(i.main) for main
    entry9b.o(.ARM.Collect$$$$0000000C) refers to main.o(i.main) for main
    uldiv.o(.text) refers to llushr.o(.text) for __aeabi_llsr
    uldiv.o(.text) refers to llshl.o(.text) for __aeabi_llsl
    dadd.o(.text) refers to llshl.o(.text) for __aeabi_llsl
    dadd.o(.text) refers to llsshr.o(.text) for __aeabi_lasr
    dadd.o(.text) refers to depilogue.o(.text) for _double_epilogue
    dmul.o(.text) refers to depilogue.o(.text) for _double_epilogue
    ddiv.o(.text) refers to depilogue.o(.text) for _double_round
    dfixul.o(.text) refers to llushr.o(.text) for __aeabi_llsr
    dfixul.o(.text) refers to llshl.o(.text) for __aeabi_llsl
    init.o(.text) refers to entry5.o(.ARM.Collect$$$$00000004) for __main_after_scatterload
    depilogue.o(.text) refers to llshl.o(.text) for __aeabi_llsl
    depilogue.o(.text) refers to llushr.o(.text) for __aeabi_llsr


==============================================================================

Removing Unused input sections from the image.

    Removing startup_at32f403a_407.o(HEAP), (512 bytes).
    Removing system_at32f403a_407.o(.rev16_text), (4 bytes).
    Removing system_at32f403a_407.o(.revsh_text), (4 bytes).
    Removing system_at32f403a_407.o(.rrx_text), (6 bytes).
    Removing at32f403a_407_acc.o(.rev16_text), (4 bytes).
    Removing at32f403a_407_acc.o(.revsh_text), (4 bytes).
    Removing at32f403a_407_acc.o(.rrx_text), (6 bytes).
    Removing at32f403a_407_acc.o(i.acc_calibration_mode_enable), (48 bytes).
    Removing at32f403a_407_acc.o(i.acc_flag_clear), (12 bytes).
    Removing at32f403a_407_acc.o(i.acc_flag_get), (32 bytes).
    Removing at32f403a_407_acc.o(i.acc_hickcal_get), (12 bytes).
    Removing at32f403a_407_acc.o(i.acc_hicktrim_get), (16 bytes).
    Removing at32f403a_407_acc.o(i.acc_interrupt_enable), (36 bytes).
    Removing at32f403a_407_acc.o(i.acc_read_c1), (12 bytes).
    Removing at32f403a_407_acc.o(i.acc_read_c2), (12 bytes).
    Removing at32f403a_407_acc.o(i.acc_read_c3), (12 bytes).
    Removing at32f403a_407_acc.o(i.acc_step_set), (20 bytes).
    Removing at32f403a_407_acc.o(i.acc_write_c1), (12 bytes).
    Removing at32f403a_407_acc.o(i.acc_write_c2), (12 bytes).
    Removing at32f403a_407_acc.o(i.acc_write_c3), (12 bytes).
    Removing at32f403a_407_adc.o(.rev16_text), (4 bytes).
    Removing at32f403a_407_adc.o(.revsh_text), (4 bytes).
    Removing at32f403a_407_adc.o(.rrx_text), (6 bytes).
    Removing at32f403a_407_adc.o(i.adc_base_config), (44 bytes).
    Removing at32f403a_407_adc.o(i.adc_base_default_para_init), (14 bytes).
    Removing at32f403a_407_adc.o(i.adc_calibration_init), (12 bytes).
    Removing at32f403a_407_adc.o(i.adc_calibration_init_status_get), (18 bytes).
    Removing at32f403a_407_adc.o(i.adc_calibration_start), (12 bytes).
    Removing at32f403a_407_adc.o(i.adc_calibration_status_get), (18 bytes).
    Removing at32f403a_407_adc.o(i.adc_combine_mode_select), (20 bytes).
    Removing at32f403a_407_adc.o(i.adc_combine_ordinary_conversion_data_get), (12 bytes).
    Removing at32f403a_407_adc.o(i.adc_dma_mode_enable), (10 bytes).
    Removing at32f403a_407_adc.o(i.adc_enable), (10 bytes).
    Removing at32f403a_407_adc.o(i.adc_flag_clear), (6 bytes).
    Removing at32f403a_407_adc.o(i.adc_flag_get), (16 bytes).
    Removing at32f403a_407_adc.o(i.adc_interrupt_enable), (22 bytes).
    Removing at32f403a_407_adc.o(i.adc_ordinary_channel_set), (404 bytes).
    Removing at32f403a_407_adc.o(i.adc_ordinary_conversion_data_get), (8 bytes).
    Removing at32f403a_407_adc.o(i.adc_ordinary_conversion_trigger_set), (52 bytes).
    Removing at32f403a_407_adc.o(i.adc_ordinary_part_count_set), (12 bytes).
    Removing at32f403a_407_adc.o(i.adc_ordinary_part_mode_enable), (10 bytes).
    Removing at32f403a_407_adc.o(i.adc_ordinary_software_trigger_enable), (10 bytes).
    Removing at32f403a_407_adc.o(i.adc_ordinary_software_trigger_status_get), (18 bytes).
    Removing at32f403a_407_adc.o(i.adc_preempt_auto_mode_enable), (10 bytes).
    Removing at32f403a_407_adc.o(i.adc_preempt_channel_length_set), (12 bytes).
    Removing at32f403a_407_adc.o(i.adc_preempt_channel_set), (290 bytes).
    Removing at32f403a_407_adc.o(i.adc_preempt_conversion_data_get), (50 bytes).
    Removing at32f403a_407_adc.o(i.adc_preempt_conversion_trigger_set), (52 bytes).
    Removing at32f403a_407_adc.o(i.adc_preempt_offset_value_set), (62 bytes).
    Removing at32f403a_407_adc.o(i.adc_preempt_part_mode_enable), (10 bytes).
    Removing at32f403a_407_adc.o(i.adc_preempt_software_trigger_enable), (10 bytes).
    Removing at32f403a_407_adc.o(i.adc_preempt_software_trigger_status_get), (18 bytes).
    Removing at32f403a_407_adc.o(i.adc_reset), (100 bytes).
    Removing at32f403a_407_adc.o(i.adc_tempersensor_vintrv_enable), (20 bytes).
    Removing at32f403a_407_adc.o(i.adc_voltage_monitor_enable), (32 bytes).
    Removing at32f403a_407_adc.o(i.adc_voltage_monitor_single_channel_select), (10 bytes).
    Removing at32f403a_407_adc.o(i.adc_voltage_monitor_threshold_value_set), (18 bytes).
    Removing at32f403a_407_bpr.o(.rev16_text), (4 bytes).
    Removing at32f403a_407_bpr.o(.revsh_text), (4 bytes).
    Removing at32f403a_407_bpr.o(.rrx_text), (6 bytes).
    Removing at32f403a_407_bpr.o(i.bpr_data_read), (16 bytes).
    Removing at32f403a_407_bpr.o(i.bpr_data_write), (16 bytes).
    Removing at32f403a_407_bpr.o(i.bpr_flag_clear), (40 bytes).
    Removing at32f403a_407_bpr.o(i.bpr_flag_get), (32 bytes).
    Removing at32f403a_407_bpr.o(i.bpr_interrupt_enable), (20 bytes).
    Removing at32f403a_407_bpr.o(i.bpr_reset), (16 bytes).
    Removing at32f403a_407_bpr.o(i.bpr_rtc_clock_calibration_value_set), (20 bytes).
    Removing at32f403a_407_bpr.o(i.bpr_rtc_output_select), (28 bytes).
    Removing at32f403a_407_bpr.o(i.bpr_tamper_pin_active_level_set), (20 bytes).
    Removing at32f403a_407_bpr.o(i.bpr_tamper_pin_enable), (20 bytes).
    Removing at32f403a_407_can.o(.rev16_text), (4 bytes).
    Removing at32f403a_407_can.o(.revsh_text), (4 bytes).
    Removing at32f403a_407_can.o(.rrx_text), (6 bytes).
    Removing at32f403a_407_can.o(i.can_base_init), (188 bytes).
    Removing at32f403a_407_can.o(i.can_baudrate_default_para_init), (16 bytes).
    Removing at32f403a_407_can.o(i.can_baudrate_set), (146 bytes).
    Removing at32f403a_407_can.o(i.can_debug_transmission_prohibit), (10 bytes).
    Removing at32f403a_407_can.o(i.can_default_para_init), (18 bytes).
    Removing at32f403a_407_can.o(i.can_doze_mode_enter), (74 bytes).
    Removing at32f403a_407_can.o(i.can_doze_mode_exit), (44 bytes).
    Removing at32f403a_407_can.o(i.can_error_type_record_get), (12 bytes).
    Removing at32f403a_407_can.o(i.can_filter_default_para_init), (22 bytes).
    Removing at32f403a_407_can.o(i.can_filter_init), (356 bytes).
    Removing at32f403a_407_can.o(i.can_flag_clear), (124 bytes).
    Removing at32f403a_407_can.o(i.can_flag_get), (240 bytes).
    Removing at32f403a_407_can.o(i.can_interrupt_enable), (18 bytes).
    Removing at32f403a_407_can.o(i.can_message_receive), (240 bytes).
    Removing at32f403a_407_can.o(i.can_message_transmit), (312 bytes).
    Removing at32f403a_407_can.o(i.can_operating_mode_set), (222 bytes).
    Removing at32f403a_407_can.o(i.can_receive_error_counter_get), (10 bytes).
    Removing at32f403a_407_can.o(i.can_receive_fifo_release), (26 bytes).
    Removing at32f403a_407_can.o(i.can_receive_message_pending_get), (34 bytes).
    Removing at32f403a_407_can.o(i.can_reset), (60 bytes).
    Removing at32f403a_407_can.o(i.can_transmit_cancel), (40 bytes).
    Removing at32f403a_407_can.o(i.can_transmit_error_counter_get), (12 bytes).
    Removing at32f403a_407_can.o(i.can_transmit_status_get), (108 bytes).
    Removing at32f403a_407_can.o(i.can_ttc_mode_enable), (50 bytes).
    Removing at32f403a_407_crc.o(.rev16_text), (4 bytes).
    Removing at32f403a_407_crc.o(.revsh_text), (4 bytes).
    Removing at32f403a_407_crc.o(.rrx_text), (6 bytes).
    Removing at32f403a_407_crc.o(i.crc_block_calculate), (36 bytes).
    Removing at32f403a_407_crc.o(i.crc_common_data_set), (20 bytes).
    Removing at32f403a_407_crc.o(i.crc_common_date_get), (12 bytes).
    Removing at32f403a_407_crc.o(i.crc_data_get), (12 bytes).
    Removing at32f403a_407_crc.o(i.crc_data_reset), (20 bytes).
    Removing at32f403a_407_crc.o(i.crc_init_data_set), (12 bytes).
    Removing at32f403a_407_crc.o(i.crc_one_word_calculate), (16 bytes).
    Removing at32f403a_407_crc.o(i.crc_reverse_input_data_set), (20 bytes).
    Removing at32f403a_407_crc.o(i.crc_reverse_output_data_set), (20 bytes).
    Removing at32f403a_407_crm.o(.rev16_text), (4 bytes).
    Removing at32f403a_407_crm.o(.revsh_text), (4 bytes).
    Removing at32f403a_407_crm.o(.rrx_text), (6 bytes).
    Removing at32f403a_407_crm.o(i.crm_adc_clock_div_set), (32 bytes).
    Removing at32f403a_407_crm.o(i.crm_battery_powered_domain_reset), (20 bytes).
    Removing at32f403a_407_crm.o(i.crm_clkout_div_set), (20 bytes).
    Removing at32f403a_407_crm.o(i.crm_clkout_to_tmr10_enable), (20 bytes).
    Removing at32f403a_407_crm.o(i.crm_clock_failure_detection_enable), (20 bytes).
    Removing at32f403a_407_crm.o(i.crm_clock_out_set), (32 bytes).
    Removing at32f403a_407_crm.o(i.crm_flag_clear), (212 bytes).
    Removing at32f403a_407_crm.o(i.crm_hext_bypass), (20 bytes).
    Removing at32f403a_407_crm.o(i.crm_hick_clock_calibration_set), (40 bytes).
    Removing at32f403a_407_crm.o(i.crm_hick_clock_trimming_set), (20 bytes).
    Removing at32f403a_407_crm.o(i.crm_hick_divider_select), (20 bytes).
    Removing at32f403a_407_crm.o(i.crm_hick_sclk_frequency_select), (28 bytes).
    Removing at32f403a_407_crm.o(i.crm_interrupt_enable), (32 bytes).
    Removing at32f403a_407_crm.o(i.crm_lext_bypass), (20 bytes).
    Removing at32f403a_407_crm.o(i.crm_periph_reset), (68 bytes).
    Removing at32f403a_407_crm.o(i.crm_periph_sleep_mode_clock_enable), (68 bytes).
    Removing at32f403a_407_crm.o(i.crm_rtc_clock_enable), (20 bytes).
    Removing at32f403a_407_crm.o(i.crm_rtc_clock_select), (20 bytes).
    Removing at32f403a_407_crm.o(i.crm_usb_clock_div_set), (32 bytes).
    Removing at32f403a_407_crm.o(i.crm_usb_clock_source_select), (32 bytes).
    Removing at32f403a_407_crm.o(i.crm_usb_interrupt_remapping_set), (20 bytes).
    Removing at32f403a_407_dac.o(.rev16_text), (4 bytes).
    Removing at32f403a_407_dac.o(.revsh_text), (4 bytes).
    Removing at32f403a_407_dac.o(.rrx_text), (6 bytes).
    Removing at32f403a_407_dac.o(i.dac_1_data_set), (4 bytes).
    Removing at32f403a_407_dac.o(i.dac_2_data_set), (4 bytes).
    Removing at32f403a_407_dac.o(i.dac_data_output_get), (48 bytes).
    Removing at32f403a_407_dac.o(i.dac_dma_enable), (48 bytes).
    Removing at32f403a_407_dac.o(i.dac_dual_data_set), (52 bytes).
    Removing at32f403a_407_dac.o(i.dac_dual_software_trigger_generate), (20 bytes).
    Removing at32f403a_407_dac.o(i.dac_enable), (48 bytes).
    Removing at32f403a_407_dac.o(i.dac_mask_amplitude_select), (48 bytes).
    Removing at32f403a_407_dac.o(i.dac_output_buffer_enable), (60 bytes).
    Removing at32f403a_407_dac.o(i.dac_reset), (24 bytes).
    Removing at32f403a_407_dac.o(i.dac_software_trigger_generate), (52 bytes).
    Removing at32f403a_407_dac.o(i.dac_trigger_enable), (48 bytes).
    Removing at32f403a_407_dac.o(i.dac_trigger_select), (48 bytes).
    Removing at32f403a_407_dac.o(i.dac_wave_generate), (48 bytes).
    Removing at32f403a_407_debug.o(.rev16_text), (4 bytes).
    Removing at32f403a_407_debug.o(.revsh_text), (4 bytes).
    Removing at32f403a_407_debug.o(.rrx_text), (6 bytes).
    Removing at32f403a_407_debug.o(i.debug_device_id_get), (12 bytes).
    Removing at32f403a_407_debug.o(i.debug_periph_mode_set), (32 bytes).
    Removing at32f403a_407_dma.o(.rev16_text), (4 bytes).
    Removing at32f403a_407_dma.o(.revsh_text), (4 bytes).
    Removing at32f403a_407_dma.o(.rrx_text), (6 bytes).
    Removing at32f403a_407_dma.o(i.dma_channel_enable), (10 bytes).
    Removing at32f403a_407_dma.o(i.dma_data_number_get), (8 bytes).
    Removing at32f403a_407_dma.o(i.dma_data_number_set), (4 bytes).
    Removing at32f403a_407_dma.o(i.dma_default_para_init), (24 bytes).
    Removing at32f403a_407_dma.o(i.dma_flag_clear), (32 bytes).
    Removing at32f403a_407_dma.o(i.dma_flag_get), (44 bytes).
    Removing at32f403a_407_dma.o(i.dma_flexible_config), (152 bytes).
    Removing at32f403a_407_dma.o(i.dma_init), (92 bytes).
    Removing at32f403a_407_dma.o(i.dma_interrupt_enable), (18 bytes).
    Removing at32f403a_407_dma.o(i.dma_reset), (112 bytes).
    Removing at32f403a_407_emac.o(.rev16_text), (4 bytes).
    Removing at32f403a_407_emac.o(.revsh_text), (4 bytes).
    Removing at32f403a_407_emac.o(.rrx_text), (6 bytes).
    Removing at32f403a_407_exint.o(.rev16_text), (4 bytes).
    Removing at32f403a_407_exint.o(.revsh_text), (4 bytes).
    Removing at32f403a_407_exint.o(.rrx_text), (6 bytes).
    Removing at32f403a_407_exint.o(i.exint_default_para_init), (14 bytes).
    Removing at32f403a_407_exint.o(i.exint_event_enable), (32 bytes).
    Removing at32f403a_407_exint.o(i.exint_flag_clear), (12 bytes).
    Removing at32f403a_407_exint.o(i.exint_flag_get), (28 bytes).
    Removing at32f403a_407_exint.o(i.exint_init), (152 bytes).
    Removing at32f403a_407_exint.o(i.exint_interrupt_enable), (32 bytes).
    Removing at32f403a_407_exint.o(i.exint_reset), (40 bytes).
    Removing at32f403a_407_exint.o(i.exint_software_interrupt_event_generate), (16 bytes).
    Removing at32f403a_407_flash.o(.rev16_text), (4 bytes).
    Removing at32f403a_407_flash.o(.revsh_text), (4 bytes).
    Removing at32f403a_407_flash.o(.rrx_text), (6 bytes).
    Removing at32f403a_407_flash.o(i.flash_bank1_erase), (60 bytes).
    Removing at32f403a_407_flash.o(i.flash_bank1_lock), (20 bytes).
    Removing at32f403a_407_flash.o(i.flash_bank1_operation_status_get), (52 bytes).
    Removing at32f403a_407_flash.o(i.flash_bank1_operation_wait_for), (36 bytes).
    Removing at32f403a_407_flash.o(i.flash_bank1_unlock), (24 bytes).
    Removing at32f403a_407_flash.o(i.flash_bank2_erase), (60 bytes).
    Removing at32f403a_407_flash.o(i.flash_bank2_lock), (20 bytes).
    Removing at32f403a_407_flash.o(i.flash_bank2_operation_status_get), (52 bytes).
    Removing at32f403a_407_flash.o(i.flash_bank2_operation_wait_for), (36 bytes).
    Removing at32f403a_407_flash.o(i.flash_bank2_unlock), (24 bytes).
    Removing at32f403a_407_flash.o(i.flash_byte_program), (124 bytes).
    Removing at32f403a_407_flash.o(i.flash_crc_calibrate), (72 bytes).
    Removing at32f403a_407_flash.o(i.flash_epp_set), (220 bytes).
    Removing at32f403a_407_flash.o(i.flash_epp_status_get), (12 bytes).
    Removing at32f403a_407_flash.o(i.flash_fap_enable), (140 bytes).
    Removing at32f403a_407_flash.o(i.flash_fap_status_get), (16 bytes).
    Removing at32f403a_407_flash.o(i.flash_flag_clear), (56 bytes).
    Removing at32f403a_407_flash.o(i.flash_flag_get), (96 bytes).
    Removing at32f403a_407_flash.o(i.flash_halfword_program), (180 bytes).
    Removing at32f403a_407_flash.o(i.flash_internal_all_erase), (108 bytes).
    Removing at32f403a_407_flash.o(i.flash_interrupt_enable), (124 bytes).
    Removing at32f403a_407_flash.o(i.flash_lock), (32 bytes).
    Removing at32f403a_407_flash.o(i.flash_operation_status_get), (52 bytes).
    Removing at32f403a_407_flash.o(i.flash_operation_wait_for), (36 bytes).
    Removing at32f403a_407_flash.o(i.flash_sector_erase), (220 bytes).
    Removing at32f403a_407_flash.o(i.flash_slib_datastart_sector_get), (16 bytes).
    Removing at32f403a_407_flash.o(i.flash_slib_disable), (52 bytes).
    Removing at32f403a_407_flash.o(i.flash_slib_enable), (148 bytes).
    Removing at32f403a_407_flash.o(i.flash_slib_end_sector_get), (12 bytes).
    Removing at32f403a_407_flash.o(i.flash_slib_remaining_count_get), (16 bytes).
    Removing at32f403a_407_flash.o(i.flash_slib_start_sector_get), (16 bytes).
    Removing at32f403a_407_flash.o(i.flash_slib_state_get), (24 bytes).
    Removing at32f403a_407_flash.o(i.flash_spim_all_erase), (72 bytes).
    Removing at32f403a_407_flash.o(i.flash_spim_encryption_range_set), (12 bytes).
    Removing at32f403a_407_flash.o(i.flash_spim_lock), (24 bytes).
    Removing at32f403a_407_flash.o(i.flash_spim_model_select), (12 bytes).
    Removing at32f403a_407_flash.o(i.flash_spim_operation_status_get), (52 bytes).
    Removing at32f403a_407_flash.o(i.flash_spim_operation_wait_for), (36 bytes).
    Removing at32f403a_407_flash.o(i.flash_spim_unlock), (32 bytes).
    Removing at32f403a_407_flash.o(i.flash_ssb_set), (92 bytes).
    Removing at32f403a_407_flash.o(i.flash_ssb_status_get), (16 bytes).
    Removing at32f403a_407_flash.o(i.flash_unlock), (32 bytes).
    Removing at32f403a_407_flash.o(i.flash_user_system_data_erase), (152 bytes).
    Removing at32f403a_407_flash.o(i.flash_user_system_data_program), (88 bytes).
    Removing at32f403a_407_flash.o(i.flash_word_program), (180 bytes).
    Removing at32f403a_407_flash.o(.constdata), (8 bytes).
    Removing at32f403a_407_gpio.o(.rev16_text), (4 bytes).
    Removing at32f403a_407_gpio.o(.revsh_text), (4 bytes).
    Removing at32f403a_407_gpio.o(.rrx_text), (6 bytes).
    Removing at32f403a_407_gpio.o(i.gpio_bits_reset), (4 bytes).
    Removing at32f403a_407_gpio.o(i.gpio_bits_set), (4 bytes).
    Removing at32f403a_407_gpio.o(i.gpio_bits_write), (10 bytes).
    Removing at32f403a_407_gpio.o(i.gpio_default_para_init), (22 bytes).
    Removing at32f403a_407_gpio.o(i.gpio_event_output_config), (28 bytes).
    Removing at32f403a_407_gpio.o(i.gpio_event_output_enable), (20 bytes).
    Removing at32f403a_407_gpio.o(i.gpio_exint_line_config), (164 bytes).
    Removing at32f403a_407_gpio.o(i.gpio_input_data_bit_read), (18 bytes).
    Removing at32f403a_407_gpio.o(i.gpio_input_data_read), (8 bytes).
    Removing at32f403a_407_gpio.o(i.gpio_iomux_reset), (24 bytes).
    Removing at32f403a_407_gpio.o(i.gpio_output_data_bit_read), (18 bytes).
    Removing at32f403a_407_gpio.o(i.gpio_output_data_read), (8 bytes).
    Removing at32f403a_407_gpio.o(i.gpio_pin_remap_config), (76 bytes).
    Removing at32f403a_407_gpio.o(i.gpio_pin_wp_config), (18 bytes).
    Removing at32f403a_407_gpio.o(i.gpio_pins_huge_driven_config), (18 bytes).
    Removing at32f403a_407_gpio.o(i.gpio_port_wirte), (4 bytes).
    Removing at32f403a_407_gpio.o(i.gpio_reset), (164 bytes).
    Removing at32f403a_407_i2c.o(.rev16_text), (4 bytes).
    Removing at32f403a_407_i2c.o(.revsh_text), (4 bytes).
    Removing at32f403a_407_i2c.o(.rrx_text), (6 bytes).
    Removing at32f403a_407_i2c.o(i.i2c_7bit_address_send), (18 bytes).
    Removing at32f403a_407_i2c.o(i.i2c_ack_enable), (10 bytes).
    Removing at32f403a_407_i2c.o(i.i2c_arp_mode_enable), (10 bytes).
    Removing at32f403a_407_i2c.o(i.i2c_clock_stretch_enable), (18 bytes).
    Removing at32f403a_407_i2c.o(i.i2c_data_receive), (8 bytes).
    Removing at32f403a_407_i2c.o(i.i2c_data_send), (4 bytes).
    Removing at32f403a_407_i2c.o(i.i2c_dma_enable), (10 bytes).
    Removing at32f403a_407_i2c.o(i.i2c_dma_end_transfer_set), (10 bytes).
    Removing at32f403a_407_i2c.o(i.i2c_enable), (10 bytes).
    Removing at32f403a_407_i2c.o(i.i2c_fast_mode_duty_set), (10 bytes).
    Removing at32f403a_407_i2c.o(i.i2c_flag_clear), (40 bytes).
    Removing at32f403a_407_i2c.o(i.i2c_flag_get), (48 bytes).
    Removing at32f403a_407_i2c.o(i.i2c_general_call_enable), (10 bytes).
    Removing at32f403a_407_i2c.o(i.i2c_init), (272 bytes).
    Removing at32f403a_407_i2c.o(i.i2c_interrupt_enable), (24 bytes).
    Removing at32f403a_407_i2c.o(i.i2c_master_receive_ack_set), (10 bytes).
    Removing at32f403a_407_i2c.o(i.i2c_own_address1_set), (18 bytes).
    Removing at32f403a_407_i2c.o(i.i2c_own_address2_enable), (10 bytes).
    Removing at32f403a_407_i2c.o(i.i2c_own_address2_set), (12 bytes).
    Removing at32f403a_407_i2c.o(i.i2c_pec_calculate_enable), (10 bytes).
    Removing at32f403a_407_i2c.o(i.i2c_pec_position_set), (10 bytes).
    Removing at32f403a_407_i2c.o(i.i2c_pec_transmit_enable), (10 bytes).
    Removing at32f403a_407_i2c.o(i.i2c_pec_value_get), (10 bytes).
    Removing at32f403a_407_i2c.o(i.i2c_reset), (92 bytes).
    Removing at32f403a_407_i2c.o(i.i2c_smbus_alert_set), (10 bytes).
    Removing at32f403a_407_i2c.o(i.i2c_smbus_enable), (10 bytes).
    Removing at32f403a_407_i2c.o(i.i2c_smbus_mode_set), (10 bytes).
    Removing at32f403a_407_i2c.o(i.i2c_software_reset), (10 bytes).
    Removing at32f403a_407_i2c.o(i.i2c_start_generate), (14 bytes).
    Removing at32f403a_407_i2c.o(i.i2c_stop_generate), (14 bytes).
    Removing at32f403a_407_misc.o(.rev16_text), (4 bytes).
    Removing at32f403a_407_misc.o(.revsh_text), (4 bytes).
    Removing at32f403a_407_misc.o(.rrx_text), (6 bytes).
    Removing at32f403a_407_misc.o(i.nvic_irq_disable), (44 bytes).
    Removing at32f403a_407_misc.o(i.nvic_lowpower_mode_config), (32 bytes).
    Removing at32f403a_407_misc.o(i.nvic_system_reset), (44 bytes).
    Removing at32f403a_407_misc.o(i.nvic_vector_table_set), (20 bytes).
    Removing at32f403a_407_misc.o(i.systick_clock_source_config), (40 bytes).
    Removing at32f403a_407_pwc.o(.rev16_text), (4 bytes).
    Removing at32f403a_407_pwc.o(.revsh_text), (4 bytes).
    Removing at32f403a_407_pwc.o(.rrx_text), (6 bytes).
    Removing at32f403a_407_pwc.o(i.pwc_battery_powered_domain_access), (20 bytes).
    Removing at32f403a_407_pwc.o(i.pwc_deep_sleep_mode_enter), (48 bytes).
    Removing at32f403a_407_pwc.o(i.pwc_flag_clear), (48 bytes).
    Removing at32f403a_407_pwc.o(i.pwc_flag_get), (24 bytes).
    Removing at32f403a_407_pwc.o(i.pwc_power_voltage_monitor_enable), (20 bytes).
    Removing at32f403a_407_pwc.o(i.pwc_pvm_level_select), (20 bytes).
    Removing at32f403a_407_pwc.o(i.pwc_reset), (24 bytes).
    Removing at32f403a_407_pwc.o(i.pwc_sleep_mode_enter), (36 bytes).
    Removing at32f403a_407_pwc.o(i.pwc_standby_mode_enter), (56 bytes).
    Removing at32f403a_407_pwc.o(i.pwc_voltage_regulate_set), (20 bytes).
    Removing at32f403a_407_pwc.o(i.pwc_wakeup_pin_enable), (32 bytes).
    Removing at32f403a_407_rtc.o(.rev16_text), (4 bytes).
    Removing at32f403a_407_rtc.o(.revsh_text), (4 bytes).
    Removing at32f403a_407_rtc.o(.rrx_text), (6 bytes).
    Removing at32f403a_407_rtc.o(i.rtc_alarm_set), (48 bytes).
    Removing at32f403a_407_rtc.o(i.rtc_counter_get), (20 bytes).
    Removing at32f403a_407_rtc.o(i.rtc_counter_set), (48 bytes).
    Removing at32f403a_407_rtc.o(i.rtc_divider_get), (20 bytes).
    Removing at32f403a_407_rtc.o(i.rtc_divider_set), (48 bytes).
    Removing at32f403a_407_rtc.o(i.rtc_flag_clear), (28 bytes).
    Removing at32f403a_407_rtc.o(i.rtc_flag_get), (24 bytes).
    Removing at32f403a_407_rtc.o(i.rtc_interrupt_enable), (32 bytes).
    Removing at32f403a_407_rtc.o(i.rtc_wait_config_finish), (20 bytes).
    Removing at32f403a_407_rtc.o(i.rtc_wait_update_finish), (20 bytes).
    Removing at32f403a_407_sdio.o(.rev16_text), (4 bytes).
    Removing at32f403a_407_sdio.o(.revsh_text), (4 bytes).
    Removing at32f403a_407_sdio.o(.rrx_text), (6 bytes).
    Removing at32f403a_407_sdio.o(i.sdio_buffer_counter_get), (6 bytes).
    Removing at32f403a_407_sdio.o(i.sdio_bus_width_config), (10 bytes).
    Removing at32f403a_407_sdio.o(i.sdio_clock_bypass), (10 bytes).
    Removing at32f403a_407_sdio.o(i.sdio_clock_config), (30 bytes).
    Removing at32f403a_407_sdio.o(i.sdio_clock_enable), (10 bytes).
    Removing at32f403a_407_sdio.o(i.sdio_command_config), (56 bytes).
    Removing at32f403a_407_sdio.o(i.sdio_command_response_get), (10 bytes).
    Removing at32f403a_407_sdio.o(i.sdio_command_state_machine_enable), (10 bytes).
    Removing at32f403a_407_sdio.o(i.sdio_data_config), (56 bytes).
    Removing at32f403a_407_sdio.o(i.sdio_data_counter_get), (6 bytes).
    Removing at32f403a_407_sdio.o(i.sdio_data_read), (8 bytes).
    Removing at32f403a_407_sdio.o(i.sdio_data_state_machine_enable), (10 bytes).
    Removing at32f403a_407_sdio.o(i.sdio_data_write), (6 bytes).
    Removing at32f403a_407_sdio.o(i.sdio_dma_enable), (10 bytes).
    Removing at32f403a_407_sdio.o(i.sdio_flag_clear), (4 bytes).
    Removing at32f403a_407_sdio.o(i.sdio_flag_get), (20 bytes).
    Removing at32f403a_407_sdio.o(i.sdio_flow_control_enable), (10 bytes).
    Removing at32f403a_407_sdio.o(i.sdio_interrupt_enable), (20 bytes).
    Removing at32f403a_407_sdio.o(i.sdio_io_function_enable), (10 bytes).
    Removing at32f403a_407_sdio.o(i.sdio_io_suspend_command_set), (10 bytes).
    Removing at32f403a_407_sdio.o(i.sdio_power_saving_mode_enable), (10 bytes).
    Removing at32f403a_407_sdio.o(i.sdio_power_set), (10 bytes).
    Removing at32f403a_407_sdio.o(i.sdio_power_status_get), (10 bytes).
    Removing at32f403a_407_sdio.o(i.sdio_read_wait_mode_set), (10 bytes).
    Removing at32f403a_407_sdio.o(i.sdio_read_wait_start), (10 bytes).
    Removing at32f403a_407_sdio.o(i.sdio_read_wait_stop), (10 bytes).
    Removing at32f403a_407_sdio.o(i.sdio_reset), (28 bytes).
    Removing at32f403a_407_sdio.o(i.sdio_response_get), (42 bytes).
    Removing at32f403a_407_spi.o(.rev16_text), (4 bytes).
    Removing at32f403a_407_spi.o(.revsh_text), (4 bytes).
    Removing at32f403a_407_spi.o(.rrx_text), (6 bytes).
    Removing at32f403a_407_spi.o(i.i2s_default_para_init), (22 bytes).
    Removing at32f403a_407_spi.o(i.i2s_enable), (10 bytes).
    Removing at32f403a_407_spi.o(i.i2s_init), (554 bytes).
    Removing at32f403a_407_spi.o(i.spi_crc_enable), (10 bytes).
    Removing at32f403a_407_spi.o(i.spi_crc_next_transmit), (14 bytes).
    Removing at32f403a_407_spi.o(i.spi_crc_polynomial_get), (8 bytes).
    Removing at32f403a_407_spi.o(i.spi_crc_polynomial_set), (10 bytes).
    Removing at32f403a_407_spi.o(i.spi_crc_value_get), (18 bytes).
    Removing at32f403a_407_spi.o(i.spi_default_para_init), (22 bytes).
    Removing at32f403a_407_spi.o(i.spi_enable), (10 bytes).
    Removing at32f403a_407_spi.o(i.spi_frame_bit_num_set), (10 bytes).
    Removing at32f403a_407_spi.o(i.spi_half_duplex_direction_set), (10 bytes).
    Removing at32f403a_407_spi.o(i.spi_hardware_cs_output_enable), (10 bytes).
    Removing at32f403a_407_spi.o(i.spi_i2s_data_receive), (8 bytes).
    Removing at32f403a_407_spi.o(i.spi_i2s_data_transmit), (4 bytes).
    Removing at32f403a_407_spi.o(i.spi_i2s_dma_receiver_enable), (10 bytes).
    Removing at32f403a_407_spi.o(i.spi_i2s_dma_transmitter_enable), (10 bytes).
    Removing at32f403a_407_spi.o(i.spi_i2s_flag_clear), (48 bytes).
    Removing at32f403a_407_spi.o(i.spi_i2s_flag_get), (16 bytes).
    Removing at32f403a_407_spi.o(i.spi_i2s_interrupt_enable), (18 bytes).
    Removing at32f403a_407_spi.o(i.spi_i2s_reset), (120 bytes).
    Removing at32f403a_407_spi.o(i.spi_init), (292 bytes).
    Removing at32f403a_407_spi.o(i.spi_software_cs_internal_level_set), (10 bytes).
    Removing at32f403a_407_tmr.o(.rev16_text), (4 bytes).
    Removing at32f403a_407_tmr.o(.revsh_text), (4 bytes).
    Removing at32f403a_407_tmr.o(.rrx_text), (6 bytes).
    Removing at32f403a_407_tmr.o(i.tmr_32_bit_function_enable), (28 bytes).
    Removing at32f403a_407_tmr.o(i.tmr_base_init), (16 bytes).
    Removing at32f403a_407_tmr.o(i.tmr_brkdt_config), (72 bytes).
    Removing at32f403a_407_tmr.o(i.tmr_brkdt_default_para_init), (18 bytes).
    Removing at32f403a_407_tmr.o(i.tmr_channel1_input_select), (10 bytes).
    Removing at32f403a_407_tmr.o(i.tmr_channel_buffer_enable), (10 bytes).
    Removing at32f403a_407_tmr.o(i.tmr_channel_dma_select), (10 bytes).
    Removing at32f403a_407_tmr.o(i.tmr_channel_enable), (96 bytes).
    Removing at32f403a_407_tmr.o(i.tmr_channel_value_get), (46 bytes).
    Removing at32f403a_407_tmr.o(i.tmr_channel_value_set), (40 bytes).
    Removing at32f403a_407_tmr.o(i.tmr_clock_source_div_set), (10 bytes).
    Removing at32f403a_407_tmr.o(i.tmr_cnt_dir_set), (10 bytes).
    Removing at32f403a_407_tmr.o(i.tmr_counter_enable), (10 bytes).
    Removing at32f403a_407_tmr.o(i.tmr_counter_value_get), (6 bytes).
    Removing at32f403a_407_tmr.o(i.tmr_counter_value_set), (4 bytes).
    Removing at32f403a_407_tmr.o(i.tmr_div_value_get), (6 bytes).
    Removing at32f403a_407_tmr.o(i.tmr_div_value_set), (4 bytes).
    Removing at32f403a_407_tmr.o(i.tmr_dma_control_config), (18 bytes).
    Removing at32f403a_407_tmr.o(i.tmr_dma_request_enable), (22 bytes).
    Removing at32f403a_407_tmr.o(i.tmr_encoder_mode_config), (70 bytes).
    Removing at32f403a_407_tmr.o(i.tmr_event_sw_trigger), (8 bytes).
    Removing at32f403a_407_tmr.o(i.tmr_external_clock_config), (28 bytes).
    Removing at32f403a_407_tmr.o(i.tmr_external_clock_mode1_config), (44 bytes).
    Removing at32f403a_407_tmr.o(i.tmr_external_clock_mode2_config), (36 bytes).
    Removing at32f403a_407_tmr.o(i.tmr_flag_clear), (6 bytes).
    Removing at32f403a_407_tmr.o(i.tmr_flag_get), (18 bytes).
    Removing at32f403a_407_tmr.o(i.tmr_force_output_set), (66 bytes).
    Removing at32f403a_407_tmr.o(i.tmr_hall_select), (10 bytes).
    Removing at32f403a_407_tmr.o(i.tmr_input_channel_divider_set), (66 bytes).
    Removing at32f403a_407_tmr.o(i.tmr_input_channel_filter_set), (66 bytes).
    Removing at32f403a_407_tmr.o(i.tmr_input_channel_init), (270 bytes).
    Removing at32f403a_407_tmr.o(i.tmr_input_default_para_init), (16 bytes).
    Removing at32f403a_407_tmr.o(i.tmr_internal_clock_set), (10 bytes).
    Removing at32f403a_407_tmr.o(i.tmr_interrupt_enable), (22 bytes).
    Removing at32f403a_407_tmr.o(i.tmr_one_cycle_mode_enable), (10 bytes).
    Removing at32f403a_407_tmr.o(i.tmr_output_channel_buffer_enable), (66 bytes).
    Removing at32f403a_407_tmr.o(i.tmr_output_channel_config), (260 bytes).
    Removing at32f403a_407_tmr.o(i.tmr_output_channel_immediately_set), (66 bytes).
    Removing at32f403a_407_tmr.o(i.tmr_output_channel_mode_select), (66 bytes).
    Removing at32f403a_407_tmr.o(i.tmr_output_channel_polarity_set), (96 bytes).
    Removing at32f403a_407_tmr.o(i.tmr_output_channel_switch_set), (66 bytes).
    Removing at32f403a_407_tmr.o(i.tmr_output_default_para_init), (18 bytes).
    Removing at32f403a_407_tmr.o(i.tmr_output_enable), (10 bytes).
    Removing at32f403a_407_tmr.o(i.tmr_overflow_event_disable), (10 bytes).
    Removing at32f403a_407_tmr.o(i.tmr_overflow_request_source_set), (10 bytes).
    Removing at32f403a_407_tmr.o(i.tmr_period_buffer_enable), (10 bytes).
    Removing at32f403a_407_tmr.o(i.tmr_period_value_get), (6 bytes).
    Removing at32f403a_407_tmr.o(i.tmr_period_value_set), (4 bytes).
    Removing at32f403a_407_tmr.o(i.tmr_primary_mode_select), (10 bytes).
    Removing at32f403a_407_tmr.o(i.tmr_pwm_input_config), (350 bytes).
    Removing at32f403a_407_tmr.o(i.tmr_repetition_counter_set), (32 bytes).
    Removing at32f403a_407_tmr.o(i.tmr_reset), (416 bytes).
    Removing at32f403a_407_tmr.o(i.tmr_sub_mode_select), (10 bytes).
    Removing at32f403a_407_tmr.o(i.tmr_sub_sync_mode_set), (10 bytes).
    Removing at32f403a_407_tmr.o(i.tmr_trigger_input_select), (10 bytes).
    Removing at32f403a_407_usart.o(.rev16_text), (4 bytes).
    Removing at32f403a_407_usart.o(.revsh_text), (4 bytes).
    Removing at32f403a_407_usart.o(.rrx_text), (6 bytes).
    Removing at32f403a_407_usart.o(i.usart_break_bit_num_set), (10 bytes).
    Removing at32f403a_407_usart.o(i.usart_break_send), (12 bytes).
    Removing at32f403a_407_usart.o(i.usart_clock_config), (28 bytes).
    Removing at32f403a_407_usart.o(i.usart_clock_enable), (10 bytes).
    Removing at32f403a_407_usart.o(i.usart_dma_receiver_enable), (10 bytes).
    Removing at32f403a_407_usart.o(i.usart_dma_transmitter_enable), (10 bytes).
    Removing at32f403a_407_usart.o(i.usart_hardware_flow_control_set), (102 bytes).
    Removing at32f403a_407_usart.o(i.usart_irda_low_power_enable), (10 bytes).
    Removing at32f403a_407_usart.o(i.usart_irda_mode_enable), (10 bytes).
    Removing at32f403a_407_usart.o(i.usart_irda_smartcard_division_set), (10 bytes).
    Removing at32f403a_407_usart.o(i.usart_lin_mode_enable), (10 bytes).
    Removing at32f403a_407_usart.o(i.usart_parity_selection_config), (76 bytes).
    Removing at32f403a_407_usart.o(i.usart_receiver_mute_enable), (10 bytes).
    Removing at32f403a_407_usart.o(i.usart_reset), (244 bytes).
    Removing at32f403a_407_usart.o(i.usart_single_line_halfduplex_select), (10 bytes).
    Removing at32f403a_407_usart.o(i.usart_smartcard_guard_time_set), (10 bytes).
    Removing at32f403a_407_usart.o(i.usart_smartcard_mode_enable), (10 bytes).
    Removing at32f403a_407_usart.o(i.usart_smartcard_nack_set), (10 bytes).
    Removing at32f403a_407_usart.o(i.usart_wakeup_id_set), (10 bytes).
    Removing at32f403a_407_usart.o(i.usart_wakeup_mode_set), (10 bytes).
    Removing at32f403a_407_usb.o(.rev16_text), (4 bytes).
    Removing at32f403a_407_usb.o(.revsh_text), (4 bytes).
    Removing at32f403a_407_usb.o(.rrx_text), (6 bytes).
    Removing at32f403a_407_usb.o(i.usb_buffer_free), (12 bytes).
    Removing at32f403a_407_usb.o(i.usb_buffer_malloc), (20 bytes).
    Removing at32f403a_407_usb.o(i.usb_connect), (18 bytes).
    Removing at32f403a_407_usb.o(i.usb_dev_init), (36 bytes).
    Removing at32f403a_407_usb.o(i.usb_disconnect), (22 bytes).
    Removing at32f403a_407_usb.o(i.usb_enter_suspend), (22 bytes).
    Removing at32f403a_407_usb.o(i.usb_ept_close), (572 bytes).
    Removing at32f403a_407_usb.o(i.usb_ept_open), (1304 bytes).
    Removing at32f403a_407_usb.o(i.usb_ept_stall), (108 bytes).
    Removing at32f403a_407_usb.o(i.usb_exit_suspend), (18 bytes).
    Removing at32f403a_407_usb.o(i.usb_flag_clear), (6 bytes).
    Removing at32f403a_407_usb.o(i.usb_flag_get), (16 bytes).
    Removing at32f403a_407_usb.o(i.usb_interrupt_enable), (20 bytes).
    Removing at32f403a_407_usb.o(i.usb_read_packet), (44 bytes).
    Removing at32f403a_407_usb.o(i.usb_remote_wkup_clear), (10 bytes).
    Removing at32f403a_407_usb.o(i.usb_remote_wkup_set), (12 bytes).
    Removing at32f403a_407_usb.o(i.usb_set_address), (20 bytes).
    Removing at32f403a_407_usb.o(i.usb_usbbufs_enable), (64 bytes).
    Removing at32f403a_407_usb.o(i.usb_write_packet), (44 bytes).
    Removing at32f403a_407_usb.o(.data), (6 bytes).
    Removing at32f403a_407_wdt.o(.rev16_text), (4 bytes).
    Removing at32f403a_407_wdt.o(.revsh_text), (4 bytes).
    Removing at32f403a_407_wdt.o(.rrx_text), (6 bytes).
    Removing at32f403a_407_wdt.o(i.wdt_counter_reload), (16 bytes).
    Removing at32f403a_407_wdt.o(i.wdt_divider_set), (20 bytes).
    Removing at32f403a_407_wdt.o(i.wdt_enable), (16 bytes).
    Removing at32f403a_407_wdt.o(i.wdt_flag_get), (24 bytes).
    Removing at32f403a_407_wdt.o(i.wdt_register_write_enable), (24 bytes).
    Removing at32f403a_407_wdt.o(i.wdt_reload_value_set), (12 bytes).
    Removing at32f403a_407_wwdt.o(.rev16_text), (4 bytes).
    Removing at32f403a_407_wwdt.o(.revsh_text), (4 bytes).
    Removing at32f403a_407_wwdt.o(.rrx_text), (6 bytes).
    Removing at32f403a_407_wwdt.o(i.wwdt_counter_set), (20 bytes).
    Removing at32f403a_407_wwdt.o(i.wwdt_divider_set), (20 bytes).
    Removing at32f403a_407_wwdt.o(i.wwdt_enable), (16 bytes).
    Removing at32f403a_407_wwdt.o(i.wwdt_flag_clear), (12 bytes).
    Removing at32f403a_407_wwdt.o(i.wwdt_flag_get), (16 bytes).
    Removing at32f403a_407_wwdt.o(i.wwdt_interrupt_enable), (24 bytes).
    Removing at32f403a_407_wwdt.o(i.wwdt_reset), (24 bytes).
    Removing at32f403a_407_wwdt.o(i.wwdt_window_counter_set), (20 bytes).
    Removing at32f403a_407_xmc.o(.rev16_text), (4 bytes).
    Removing at32f403a_407_xmc.o(.revsh_text), (4 bytes).
    Removing at32f403a_407_xmc.o(.rrx_text), (6 bytes).
    Removing at32f403a_407_xmc.o(i.xmc_ecc_get), (16 bytes).
    Removing at32f403a_407_xmc.o(i.xmc_ext_timing_config), (40 bytes).
    Removing at32f403a_407_xmc.o(i.xmc_flag_clear), (36 bytes).
    Removing at32f403a_407_xmc.o(i.xmc_flag_status_get), (32 bytes).
    Removing at32f403a_407_xmc.o(i.xmc_interrupt_enable), (44 bytes).
    Removing at32f403a_407_xmc.o(i.xmc_nand_default_para_init), (20 bytes).
    Removing at32f403a_407_xmc.o(i.xmc_nand_ecc_enable), (22 bytes).
    Removing at32f403a_407_xmc.o(i.xmc_nand_enable), (22 bytes).
    Removing at32f403a_407_xmc.o(i.xmc_nand_init), (46 bytes).
    Removing at32f403a_407_xmc.o(i.xmc_nand_reset), (26 bytes).
    Removing at32f403a_407_xmc.o(i.xmc_nand_timing_config), (62 bytes).
    Removing at32f403a_407_xmc.o(i.xmc_nand_timing_default_para_init), (30 bytes).
    Removing at32f403a_407_xmc.o(i.xmc_nor_sram_enable), (22 bytes).
    Removing at32f403a_407_xmc.o(i.xmc_nor_sram_init), (90 bytes).
    Removing at32f403a_407_xmc.o(i.xmc_nor_sram_reset), (56 bytes).
    Removing at32f403a_407_xmc.o(i.xmc_nor_sram_timing_config), (124 bytes).
    Removing at32f403a_407_xmc.o(i.xmc_norsram_default_para_init), (42 bytes).
    Removing at32f403a_407_xmc.o(i.xmc_norsram_timing_default_para_init), (56 bytes).
    Removing bsp_uart.o(.rev16_text), (4 bytes).
    Removing bsp_uart.o(.revsh_text), (4 bytes).
    Removing bsp_uart.o(.rrx_text), (6 bytes).
    Removing bsp_uart.o(i.my_bsp_uart_init), (112 bytes).
    Removing bsp_uart.o(.bss), (12 bytes).
    Removing at32f403a_407_clock.o(.rev16_text), (4 bytes).
    Removing at32f403a_407_clock.o(.revsh_text), (4 bytes).
    Removing at32f403a_407_clock.o(.rrx_text), (6 bytes).
    Removing at32f403a_407_int.o(.rev16_text), (4 bytes).
    Removing at32f403a_407_int.o(.revsh_text), (4 bytes).
    Removing at32f403a_407_int.o(.rrx_text), (6 bytes).
    Removing main.o(.rev16_text), (4 bytes).
    Removing main.o(.revsh_text), (4 bytes).
    Removing main.o(.rrx_text), (6 bytes).
    Removing dadd.o(.text), (334 bytes).
    Removing dmul.o(.text), (228 bytes).
    Removing ddiv.o(.text), (222 bytes).
    Removing dfixul.o(.text), (48 bytes).
    Removing cdrcmple.o(.text), (48 bytes).
    Removing depilogue.o(.text), (186 bytes).

541 unused section(s) (total 22374 bytes) removed from the image.

==============================================================================

Image Symbol Table

    Local Symbols

    Symbol Name                              Value     Ov Type        Size  Object(Section)

    ../clib/microlib/division.c              0x00000000   Number         0  uldiv.o ABSOLUTE
    ../clib/microlib/division.c              0x00000000   Number         0  uidiv.o ABSOLUTE
    ../clib/microlib/init/entry.s            0x00000000   Number         0  entry10b.o ABSOLUTE
    ../clib/microlib/init/entry.s            0x00000000   Number         0  entry11b.o ABSOLUTE
    ../clib/microlib/init/entry.s            0x00000000   Number         0  entry8b.o ABSOLUTE
    ../clib/microlib/init/entry.s            0x00000000   Number         0  entry12b.o ABSOLUTE
    ../clib/microlib/init/entry.s            0x00000000   Number         0  entry9a.o ABSOLUTE
    ../clib/microlib/init/entry.s            0x00000000   Number         0  entry10a.o ABSOLUTE
    ../clib/microlib/init/entry.s            0x00000000   Number         0  entry9b.o ABSOLUTE
    ../clib/microlib/init/entry.s            0x00000000   Number         0  entry12a.o ABSOLUTE
    ../clib/microlib/init/entry.s            0x00000000   Number         0  entry2.o ABSOLUTE
    ../clib/microlib/init/entry.s            0x00000000   Number         0  entry5.o ABSOLUTE
    ../clib/microlib/init/entry.s            0x00000000   Number         0  entry7b.o ABSOLUTE
    ../clib/microlib/init/entry.s            0x00000000   Number         0  entry8a.o ABSOLUTE
    ../clib/microlib/init/entry.s            0x00000000   Number         0  entry7a.o ABSOLUTE
    ../clib/microlib/init/entry.s            0x00000000   Number         0  entry11a.o ABSOLUTE
    ../clib/microlib/init/entry.s            0x00000000   Number         0  entry.o ABSOLUTE
    ../clib/microlib/longlong.c              0x00000000   Number         0  llushr.o ABSOLUTE
    ../clib/microlib/longlong.c              0x00000000   Number         0  llshl.o ABSOLUTE
    ../clib/microlib/longlong.c              0x00000000   Number         0  llsshr.o ABSOLUTE
    ../clib/microlib/printf/printf.c         0x00000000   Number         0  printf3.o ABSOLUTE
    ../clib/microlib/printf/printf.c         0x00000000   Number         0  printf6.o ABSOLUTE
    ../clib/microlib/printf/printf.c         0x00000000   Number         0  printf5.o ABSOLUTE
    ../clib/microlib/printf/printf.c         0x00000000   Number         0  printf4.o ABSOLUTE
    ../clib/microlib/printf/printf.c         0x00000000   Number         0  printfa.o ABSOLUTE
    ../clib/microlib/printf/printf.c         0x00000000   Number         0  printfb.o ABSOLUTE
    ../clib/microlib/printf/printf.c         0x00000000   Number         0  printf0.o ABSOLUTE
    ../clib/microlib/printf/printf.c         0x00000000   Number         0  printf1.o ABSOLUTE
    ../clib/microlib/printf/printf.c         0x00000000   Number         0  printf2.o ABSOLUTE
    ../clib/microlib/printf/printf.c         0x00000000   Number         0  printf8.o ABSOLUTE
    ../clib/microlib/printf/printf.c         0x00000000   Number         0  printf7.o ABSOLUTE
    ../clib/microlib/stdio/streams.c         0x00000000   Number         0  stdout.o ABSOLUTE
    ../clib/microlib/stubs.s                 0x00000000   Number         0  iusefp.o ABSOLUTE
    ../fplib/microlib/fpadd.c                0x00000000   Number         0  dadd.o ABSOLUTE
    ../fplib/microlib/fpdiv.c                0x00000000   Number         0  ddiv.o ABSOLUTE
    ../fplib/microlib/fpepilogue.c           0x00000000   Number         0  depilogue.o ABSOLUTE
    ../fplib/microlib/fpfix.c                0x00000000   Number         0  dfixul.o ABSOLUTE
    ../fplib/microlib/fpmul.c                0x00000000   Number         0  dmul.o ABSOLUTE
    ..\\bsp\\bsp_uart.c                      0x00000000   Number         0  bsp_uart.o ABSOLUTE
    ..\\cmsis\\system_at32f403a_407.c        0x00000000   Number         0  system_at32f403a_407.o ABSOLUTE
    ..\\driver\\src\\at32f403a_407_acc.c     0x00000000   Number         0  at32f403a_407_acc.o ABSOLUTE
    ..\\driver\\src\\at32f403a_407_adc.c     0x00000000   Number         0  at32f403a_407_adc.o ABSOLUTE
    ..\\driver\\src\\at32f403a_407_bpr.c     0x00000000   Number         0  at32f403a_407_bpr.o ABSOLUTE
    ..\\driver\\src\\at32f403a_407_can.c     0x00000000   Number         0  at32f403a_407_can.o ABSOLUTE
    ..\\driver\\src\\at32f403a_407_crc.c     0x00000000   Number         0  at32f403a_407_crc.o ABSOLUTE
    ..\\driver\\src\\at32f403a_407_crm.c     0x00000000   Number         0  at32f403a_407_crm.o ABSOLUTE
    ..\\driver\\src\\at32f403a_407_dac.c     0x00000000   Number         0  at32f403a_407_dac.o ABSOLUTE
    ..\\driver\\src\\at32f403a_407_debug.c   0x00000000   Number         0  at32f403a_407_debug.o ABSOLUTE
    ..\\driver\\src\\at32f403a_407_dma.c     0x00000000   Number         0  at32f403a_407_dma.o ABSOLUTE
    ..\\driver\\src\\at32f403a_407_emac.c    0x00000000   Number         0  at32f403a_407_emac.o ABSOLUTE
    ..\\driver\\src\\at32f403a_407_exint.c   0x00000000   Number         0  at32f403a_407_exint.o ABSOLUTE
    ..\\driver\\src\\at32f403a_407_flash.c   0x00000000   Number         0  at32f403a_407_flash.o ABSOLUTE
    ..\\driver\\src\\at32f403a_407_gpio.c    0x00000000   Number         0  at32f403a_407_gpio.o ABSOLUTE
    ..\\driver\\src\\at32f403a_407_i2c.c     0x00000000   Number         0  at32f403a_407_i2c.o ABSOLUTE
    ..\\driver\\src\\at32f403a_407_misc.c    0x00000000   Number         0  at32f403a_407_misc.o ABSOLUTE
    ..\\driver\\src\\at32f403a_407_pwc.c     0x00000000   Number         0  at32f403a_407_pwc.o ABSOLUTE
    ..\\driver\\src\\at32f403a_407_rtc.c     0x00000000   Number         0  at32f403a_407_rtc.o ABSOLUTE
    ..\\driver\\src\\at32f403a_407_sdio.c    0x00000000   Number         0  at32f403a_407_sdio.o ABSOLUTE
    ..\\driver\\src\\at32f403a_407_spi.c     0x00000000   Number         0  at32f403a_407_spi.o ABSOLUTE
    ..\\driver\\src\\at32f403a_407_tmr.c     0x00000000   Number         0  at32f403a_407_tmr.o ABSOLUTE
    ..\\driver\\src\\at32f403a_407_usart.c   0x00000000   Number         0  at32f403a_407_usart.o ABSOLUTE
    ..\\driver\\src\\at32f403a_407_usb.c     0x00000000   Number         0  at32f403a_407_usb.o ABSOLUTE
    ..\\driver\\src\\at32f403a_407_wdt.c     0x00000000   Number         0  at32f403a_407_wdt.o ABSOLUTE
    ..\\driver\\src\\at32f403a_407_wwdt.c    0x00000000   Number         0  at32f403a_407_wwdt.o ABSOLUTE
    ..\\driver\\src\\at32f403a_407_xmc.c     0x00000000   Number         0  at32f403a_407_xmc.o ABSOLUTE
    ..\\user\\at32f403a_407_clock.c          0x00000000   Number         0  at32f403a_407_clock.o ABSOLUTE
    ..\\user\\at32f403a_407_int.c            0x00000000   Number         0  at32f403a_407_int.o ABSOLUTE
    ..\\user\\main.c                         0x00000000   Number         0  main.o ABSOLUTE
    ..\bsp\bsp_uart.c                        0x00000000   Number         0  bsp_uart.o ABSOLUTE
    ..\cmsis\startup_at32f403a_407.s         0x00000000   Number         0  startup_at32f403a_407.o ABSOLUTE
    ..\cmsis\system_at32f403a_407.c          0x00000000   Number         0  system_at32f403a_407.o ABSOLUTE
    ..\driver\src\at32f403a_407_acc.c        0x00000000   Number         0  at32f403a_407_acc.o ABSOLUTE
    ..\driver\src\at32f403a_407_adc.c        0x00000000   Number         0  at32f403a_407_adc.o ABSOLUTE
    ..\driver\src\at32f403a_407_bpr.c        0x00000000   Number         0  at32f403a_407_bpr.o ABSOLUTE
    ..\driver\src\at32f403a_407_can.c        0x00000000   Number         0  at32f403a_407_can.o ABSOLUTE
    ..\driver\src\at32f403a_407_crc.c        0x00000000   Number         0  at32f403a_407_crc.o ABSOLUTE
    ..\driver\src\at32f403a_407_crm.c        0x00000000   Number         0  at32f403a_407_crm.o ABSOLUTE
    ..\driver\src\at32f403a_407_dac.c        0x00000000   Number         0  at32f403a_407_dac.o ABSOLUTE
    ..\driver\src\at32f403a_407_debug.c      0x00000000   Number         0  at32f403a_407_debug.o ABSOLUTE
    ..\driver\src\at32f403a_407_dma.c        0x00000000   Number         0  at32f403a_407_dma.o ABSOLUTE
    ..\driver\src\at32f403a_407_emac.c       0x00000000   Number         0  at32f403a_407_emac.o ABSOLUTE
    ..\driver\src\at32f403a_407_exint.c      0x00000000   Number         0  at32f403a_407_exint.o ABSOLUTE
    ..\driver\src\at32f403a_407_flash.c      0x00000000   Number         0  at32f403a_407_flash.o ABSOLUTE
    ..\driver\src\at32f403a_407_gpio.c       0x00000000   Number         0  at32f403a_407_gpio.o ABSOLUTE
    ..\driver\src\at32f403a_407_i2c.c        0x00000000   Number         0  at32f403a_407_i2c.o ABSOLUTE
    ..\driver\src\at32f403a_407_misc.c       0x00000000   Number         0  at32f403a_407_misc.o ABSOLUTE
    ..\driver\src\at32f403a_407_pwc.c        0x00000000   Number         0  at32f403a_407_pwc.o ABSOLUTE
    ..\driver\src\at32f403a_407_rtc.c        0x00000000   Number         0  at32f403a_407_rtc.o ABSOLUTE
    ..\driver\src\at32f403a_407_sdio.c       0x00000000   Number         0  at32f403a_407_sdio.o ABSOLUTE
    ..\driver\src\at32f403a_407_spi.c        0x00000000   Number         0  at32f403a_407_spi.o ABSOLUTE
    ..\driver\src\at32f403a_407_tmr.c        0x00000000   Number         0  at32f403a_407_tmr.o ABSOLUTE
    ..\driver\src\at32f403a_407_usart.c      0x00000000   Number         0  at32f403a_407_usart.o ABSOLUTE
    ..\driver\src\at32f403a_407_usb.c        0x00000000   Number         0  at32f403a_407_usb.o ABSOLUTE
    ..\driver\src\at32f403a_407_wdt.c        0x00000000   Number         0  at32f403a_407_wdt.o ABSOLUTE
    ..\driver\src\at32f403a_407_wwdt.c       0x00000000   Number         0  at32f403a_407_wwdt.o ABSOLUTE
    ..\driver\src\at32f403a_407_xmc.c        0x00000000   Number         0  at32f403a_407_xmc.o ABSOLUTE
    ..\user\at32f403a_407_clock.c            0x00000000   Number         0  at32f403a_407_clock.o ABSOLUTE
    ..\user\at32f403a_407_int.c              0x00000000   Number         0  at32f403a_407_int.o ABSOLUTE
    ..\user\main.c                           0x00000000   Number         0  main.o ABSOLUTE
    cdrcmple.s                               0x00000000   Number         0  cdrcmple.o ABSOLUTE
    dc.s                                     0x00000000   Number         0  dc.o ABSOLUTE
    handlers.s                               0x00000000   Number         0  handlers.o ABSOLUTE
    init.s                                   0x00000000   Number         0  init.o ABSOLUTE
    RESET                                    0x08000000   Section      388  startup_at32f403a_407.o(RESET)
    .ARM.Collect$$$$00000000                 0x08000184   Section        0  entry.o(.ARM.Collect$$$$00000000)
    .ARM.Collect$$$$00000001                 0x08000184   Section        4  entry2.o(.ARM.Collect$$$$00000001)
    .ARM.Collect$$$$00000004                 0x08000188   Section        4  entry5.o(.ARM.Collect$$$$00000004)
    .ARM.Collect$$$$00000008                 0x0800018c   Section        0  entry7b.o(.ARM.Collect$$$$00000008)
    .ARM.Collect$$$$0000000A                 0x0800018c   Section        0  entry8b.o(.ARM.Collect$$$$0000000A)
    .ARM.Collect$$$$0000000B                 0x0800018c   Section        8  entry9a.o(.ARM.Collect$$$$0000000B)
    .ARM.Collect$$$$0000000E                 0x08000194   Section        4  entry12b.o(.ARM.Collect$$$$0000000E)
    .ARM.Collect$$$$0000000F                 0x08000198   Section        0  entry10a.o(.ARM.Collect$$$$0000000F)
    .ARM.Collect$$$$00000011                 0x08000198   Section        0  entry11a.o(.ARM.Collect$$$$00000011)
    .ARM.Collect$$$$00002712                 0x08000198   Section        4  entry2.o(.ARM.Collect$$$$00002712)
    __lit__00000000                          0x08000198   Data           4  entry2.o(.ARM.Collect$$$$00002712)
    .text                                    0x0800019c   Section       36  startup_at32f403a_407.o(.text)
    $v0                                      0x0800019c   Number         0  startup_at32f403a_407.o(.text)
    .text                                    0x080001c0   Section       36  init.o(.text)
    i.BusFault_Handler                       0x080001e4   Section        0  at32f403a_407_int.o(i.BusFault_Handler)
    i.DebugMon_Handler                       0x080001e8   Section        0  at32f403a_407_int.o(i.DebugMon_Handler)
    i.HardFault_Handler                      0x080001ea   Section        0  at32f403a_407_int.o(i.HardFault_Handler)
    i.MemManage_Handler                      0x080001ee   Section        0  at32f403a_407_int.o(i.MemManage_Handler)
    i.NMI_Handler                            0x080001f2   Section        0  at32f403a_407_int.o(i.NMI_Handler)
    i.PendSV_Handler                         0x080001f4   Section        0  at32f403a_407_int.o(i.PendSV_Handler)
    i.SVC_Handler                            0x080001f6   Section        0  at32f403a_407_int.o(i.SVC_Handler)
    i.SysTick_Handler                        0x080001f8   Section        0  at32f403a_407_int.o(i.SysTick_Handler)
    i.SystemInit                             0x080001fc   Section        0  system_at32f403a_407.o(i.SystemInit)
    i.USART3_IRQHandler                      0x0800026c   Section        0  bsp_uart.o(i.USART3_IRQHandler)
    i.UsageFault_Handler                     0x08000298   Section        0  at32f403a_407_int.o(i.UsageFault_Handler)
    i.__0printf$bare                         0x0800029c   Section        0  printfb.o(i.__0printf$bare)
    i.__scatterload_copy                     0x080002ac   Section       14  handlers.o(i.__scatterload_copy)
    i.__scatterload_null                     0x080002ba   Section        2  handlers.o(i.__scatterload_null)
    i.__scatterload_zeroinit                 0x080002bc   Section       14  handlers.o(i.__scatterload_zeroinit)
    i._printf_core                           0x080002ca   Section        0  printfb.o(i._printf_core)
    _printf_core                             0x080002cb   Thumb Code    34  printfb.o(i._printf_core)
    i.bsp_uart_gpio_init                     0x080002ec   Section        0  bsp_uart.o(i.bsp_uart_gpio_init)
    i.bsp_uart_init                          0x08000338   Section        0  bsp_uart.o(i.bsp_uart_init)
    i.bsp_uart_nvic_init                     0x08000388   Section        0  bsp_uart.o(i.bsp_uart_nvic_init)
    i.crm_ahb_div_set                        0x0800039c   Section        0  at32f403a_407_crm.o(i.crm_ahb_div_set)
    i.crm_apb1_div_set                       0x080003b0   Section        0  at32f403a_407_crm.o(i.crm_apb1_div_set)
    i.crm_apb2_div_set                       0x080003c4   Section        0  at32f403a_407_crm.o(i.crm_apb2_div_set)
    i.crm_auto_step_mode_enable              0x080003d8   Section        0  at32f403a_407_crm.o(i.crm_auto_step_mode_enable)
    i.crm_clock_source_enable                0x08000400   Section        0  at32f403a_407_crm.o(i.crm_clock_source_enable)
    i.crm_clocks_freq_get                    0x08000460   Section        0  at32f403a_407_crm.o(i.crm_clocks_freq_get)
    i.crm_flag_get                           0x0800058c   Section        0  at32f403a_407_crm.o(i.crm_flag_get)
    i.crm_hext_clock_div_set                 0x080005bc   Section        0  at32f403a_407_crm.o(i.crm_hext_clock_div_set)
    i.crm_hext_stable_wait                   0x080005d0   Section        0  at32f403a_407_crm.o(i.crm_hext_stable_wait)
    i.crm_periph_clock_enable                0x08000600   Section        0  at32f403a_407_crm.o(i.crm_periph_clock_enable)
    i.crm_pll_config                         0x08000644   Section        0  at32f403a_407_crm.o(i.crm_pll_config)
    i.crm_reset                              0x080006b0   Section        0  at32f403a_407_crm.o(i.crm_reset)
    i.crm_sysclk_switch                      0x08000708   Section        0  at32f403a_407_crm.o(i.crm_sysclk_switch)
    i.crm_sysclk_switch_status_get           0x0800071c   Section        0  at32f403a_407_crm.o(i.crm_sysclk_switch_status_get)
    i.fputc                                  0x0800072c   Section        0  bsp_uart.o(i.fputc)
    i.gpio_init                              0x08000768   Section        0  at32f403a_407_gpio.o(i.gpio_init)
    i.main                                   0x08000810   Section        0  main.o(i.main)
    i.nvic_irq_enable                        0x08000834   Section        0  at32f403a_407_misc.o(i.nvic_irq_enable)
    i.nvic_priority_group_config             0x080008fc   Section        0  at32f403a_407_misc.o(i.nvic_priority_group_config)
    i.system_clock_config                    0x08000924   Section        0  at32f403a_407_clock.o(i.system_clock_config)
    i.system_core_clock_update               0x08000994   Section        0  system_at32f403a_407.o(i.system_core_clock_update)
    i.usart_data_receive                     0x08000a8c   Section        0  at32f403a_407_usart.o(i.usart_data_receive)
    i.usart_data_transmit                    0x08000a94   Section        0  at32f403a_407_usart.o(i.usart_data_transmit)
    i.usart_enable                           0x08000a9c   Section        0  at32f403a_407_usart.o(i.usart_enable)
    i.usart_flag_clear                       0x08000aa6   Section        0  at32f403a_407_usart.o(i.usart_flag_clear)
    i.usart_flag_get                         0x08000ab8   Section        0  at32f403a_407_usart.o(i.usart_flag_get)
    i.usart_init                             0x08000ac8   Section        0  at32f403a_407_usart.o(i.usart_init)
    i.usart_interrupt_enable                 0x08000b50   Section        0  at32f403a_407_usart.o(i.usart_interrupt_enable)
    i.usart_receiver_enable                  0x08000b86   Section        0  at32f403a_407_usart.o(i.usart_receiver_enable)
    i.usart_transmitter_enable               0x08000b90   Section        0  at32f403a_407_usart.o(i.usart_transmitter_enable)
    .constdata                               0x08000b9a   Section       16  system_at32f403a_407.o(.constdata)
    sys_ahb_div_table                        0x08000b9a   Data          16  system_at32f403a_407.o(.constdata)
    .constdata                               0x08000baa   Section       40  at32f403a_407_crm.o(.constdata)
    sclk_ahb_div_table                       0x08000baa   Data          16  at32f403a_407_crm.o(.constdata)
    ahb_apb1_div_table                       0x08000bba   Data           8  at32f403a_407_crm.o(.constdata)
    ahb_apb2_div_table                       0x08000bc2   Data           8  at32f403a_407_crm.o(.constdata)
    adc_div_table                            0x08000bca   Data           8  at32f403a_407_crm.o(.constdata)
    .data                                    0x20000000   Section        4  system_at32f403a_407.o(.data)
    .data                                    0x20000004   Section        4  stdout.o(.data)
    STACK                                    0x20000008   Section     1024  startup_at32f403a_407.o(STACK)

    Global Symbols

    Symbol Name                              Value     Ov Type        Size  Object(Section)

    BuildAttributes$$THM_ISAv4$E$P$D$K$B$S$7EM$VFPi3$EXTD16$VFPS$VFMA$PE$A:L22UL41UL21$X:L11$S22US41US21$IEEE1$IW$USESV6$~STKCKD$USESV7$~SHL$OSPACE$ROPI$EBA8$MICROLIB$REQ8$PRES8$EABIv2 0x00000000   Number         0  anon$$obj.o ABSOLUTE
    __ARM_use_no_argv                        0x00000000   Number         0  main.o ABSOLUTE
    __arm_fini_                               - Undefined Weak Reference
    __cpp_initialize__aeabi_                  - Undefined Weak Reference
    __cxa_finalize                            - Undefined Weak Reference
    __decompress                              - Undefined Weak Reference
    _clock_init                               - Undefined Weak Reference
    _microlib_exit                            - Undefined Weak Reference
    __Vectors_Size                           0x00000184   Number         0  startup_at32f403a_407.o ABSOLUTE
    __Vectors                                0x08000000   Data           4  startup_at32f403a_407.o(RESET)
    __Vectors_End                            0x08000184   Data           0  startup_at32f403a_407.o(RESET)
    __main                                   0x08000185   Thumb Code     0  entry.o(.ARM.Collect$$$$00000000)
    _main_stk                                0x08000185   Thumb Code     0  entry2.o(.ARM.Collect$$$$00000001)
    _main_scatterload                        0x08000189   Thumb Code     0  entry5.o(.ARM.Collect$$$$00000004)
    __main_after_scatterload                 0x0800018d   Thumb Code     0  entry5.o(.ARM.Collect$$$$00000004)
    _main_clock                              0x0800018d   Thumb Code     0  entry7b.o(.ARM.Collect$$$$00000008)
    _main_cpp_init                           0x0800018d   Thumb Code     0  entry8b.o(.ARM.Collect$$$$0000000A)
    _main_init                               0x0800018d   Thumb Code     0  entry9a.o(.ARM.Collect$$$$0000000B)
    __rt_lib_shutdown_fini                   0x08000195   Thumb Code     0  entry12b.o(.ARM.Collect$$$$0000000E)
    __rt_final_cpp                           0x08000199   Thumb Code     0  entry10a.o(.ARM.Collect$$$$0000000F)
    __rt_final_exit                          0x08000199   Thumb Code     0  entry11a.o(.ARM.Collect$$$$00000011)
    Reset_Handler                            0x0800019d   Thumb Code     8  startup_at32f403a_407.o(.text)
    ACC_IRQHandler                           0x080001b7   Thumb Code     0  startup_at32f403a_407.o(.text)
    ADC1_2_IRQHandler                        0x080001b7   Thumb Code     0  startup_at32f403a_407.o(.text)
    ADC3_IRQHandler                          0x080001b7   Thumb Code     0  startup_at32f403a_407.o(.text)
    CAN1_RX1_IRQHandler                      0x080001b7   Thumb Code     0  startup_at32f403a_407.o(.text)
    CAN1_SE_IRQHandler                       0x080001b7   Thumb Code     0  startup_at32f403a_407.o(.text)
    CAN2_RX0_IRQHandler                      0x080001b7   Thumb Code     0  startup_at32f403a_407.o(.text)
    CAN2_RX1_IRQHandler                      0x080001b7   Thumb Code     0  startup_at32f403a_407.o(.text)
    CAN2_SE_IRQHandler                       0x080001b7   Thumb Code     0  startup_at32f403a_407.o(.text)
    CAN2_TX_IRQHandler                       0x080001b7   Thumb Code     0  startup_at32f403a_407.o(.text)
    CRM_IRQHandler                           0x080001b7   Thumb Code     0  startup_at32f403a_407.o(.text)
    DMA1_Channel1_IRQHandler                 0x080001b7   Thumb Code     0  startup_at32f403a_407.o(.text)
    DMA1_Channel2_IRQHandler                 0x080001b7   Thumb Code     0  startup_at32f403a_407.o(.text)
    DMA1_Channel3_IRQHandler                 0x080001b7   Thumb Code     0  startup_at32f403a_407.o(.text)
    DMA1_Channel4_IRQHandler                 0x080001b7   Thumb Code     0  startup_at32f403a_407.o(.text)
    DMA1_Channel5_IRQHandler                 0x080001b7   Thumb Code     0  startup_at32f403a_407.o(.text)
    DMA1_Channel6_IRQHandler                 0x080001b7   Thumb Code     0  startup_at32f403a_407.o(.text)
    DMA1_Channel7_IRQHandler                 0x080001b7   Thumb Code     0  startup_at32f403a_407.o(.text)
    DMA2_Channel1_IRQHandler                 0x080001b7   Thumb Code     0  startup_at32f403a_407.o(.text)
    DMA2_Channel2_IRQHandler                 0x080001b7   Thumb Code     0  startup_at32f403a_407.o(.text)
    DMA2_Channel3_IRQHandler                 0x080001b7   Thumb Code     0  startup_at32f403a_407.o(.text)
    DMA2_Channel4_5_IRQHandler               0x080001b7   Thumb Code     0  startup_at32f403a_407.o(.text)
    DMA2_Channel6_7_IRQHandler               0x080001b7   Thumb Code     0  startup_at32f403a_407.o(.text)
    EMAC_IRQHandler                          0x080001b7   Thumb Code     0  startup_at32f403a_407.o(.text)
    EMAC_WKUP_IRQHandler                     0x080001b7   Thumb Code     0  startup_at32f403a_407.o(.text)
    EXINT0_IRQHandler                        0x080001b7   Thumb Code     0  startup_at32f403a_407.o(.text)
    EXINT15_10_IRQHandler                    0x080001b7   Thumb Code     0  startup_at32f403a_407.o(.text)
    EXINT1_IRQHandler                        0x080001b7   Thumb Code     0  startup_at32f403a_407.o(.text)
    EXINT2_IRQHandler                        0x080001b7   Thumb Code     0  startup_at32f403a_407.o(.text)
    EXINT3_IRQHandler                        0x080001b7   Thumb Code     0  startup_at32f403a_407.o(.text)
    EXINT4_IRQHandler                        0x080001b7   Thumb Code     0  startup_at32f403a_407.o(.text)
    EXINT9_5_IRQHandler                      0x080001b7   Thumb Code     0  startup_at32f403a_407.o(.text)
    FLASH_IRQHandler                         0x080001b7   Thumb Code     0  startup_at32f403a_407.o(.text)
    I2C1_ERR_IRQHandler                      0x080001b7   Thumb Code     0  startup_at32f403a_407.o(.text)
    I2C1_EVT_IRQHandler                      0x080001b7   Thumb Code     0  startup_at32f403a_407.o(.text)
    I2C2_ERR_IRQHandler                      0x080001b7   Thumb Code     0  startup_at32f403a_407.o(.text)
    I2C2_EVT_IRQHandler                      0x080001b7   Thumb Code     0  startup_at32f403a_407.o(.text)
    I2C3_ERR_IRQHandler                      0x080001b7   Thumb Code     0  startup_at32f403a_407.o(.text)
    I2C3_EVT_IRQHandler                      0x080001b7   Thumb Code     0  startup_at32f403a_407.o(.text)
    PVM_IRQHandler                           0x080001b7   Thumb Code     0  startup_at32f403a_407.o(.text)
    RTCAlarm_IRQHandler                      0x080001b7   Thumb Code     0  startup_at32f403a_407.o(.text)
    RTC_IRQHandler                           0x080001b7   Thumb Code     0  startup_at32f403a_407.o(.text)
    SDIO1_IRQHandler                         0x080001b7   Thumb Code     0  startup_at32f403a_407.o(.text)
    SDIO2_IRQHandler                         0x080001b7   Thumb Code     0  startup_at32f403a_407.o(.text)
    SPI1_IRQHandler                          0x080001b7   Thumb Code     0  startup_at32f403a_407.o(.text)
    SPI2_I2S2EXT_IRQHandler                  0x080001b7   Thumb Code     0  startup_at32f403a_407.o(.text)
    SPI3_I2S3EXT_IRQHandler                  0x080001b7   Thumb Code     0  startup_at32f403a_407.o(.text)
    SPI4_IRQHandler                          0x080001b7   Thumb Code     0  startup_at32f403a_407.o(.text)
    TAMPER_IRQHandler                        0x080001b7   Thumb Code     0  startup_at32f403a_407.o(.text)
    TMR1_BRK_TMR9_IRQHandler                 0x080001b7   Thumb Code     0  startup_at32f403a_407.o(.text)
    TMR1_CH_IRQHandler                       0x080001b7   Thumb Code     0  startup_at32f403a_407.o(.text)
    TMR1_OVF_TMR10_IRQHandler                0x080001b7   Thumb Code     0  startup_at32f403a_407.o(.text)
    TMR1_TRG_HALL_TMR11_IRQHandler           0x080001b7   Thumb Code     0  startup_at32f403a_407.o(.text)
    TMR2_GLOBAL_IRQHandler                   0x080001b7   Thumb Code     0  startup_at32f403a_407.o(.text)
    TMR3_GLOBAL_IRQHandler                   0x080001b7   Thumb Code     0  startup_at32f403a_407.o(.text)
    TMR4_GLOBAL_IRQHandler                   0x080001b7   Thumb Code     0  startup_at32f403a_407.o(.text)
    TMR5_GLOBAL_IRQHandler                   0x080001b7   Thumb Code     0  startup_at32f403a_407.o(.text)
    TMR6_GLOBAL_IRQHandler                   0x080001b7   Thumb Code     0  startup_at32f403a_407.o(.text)
    TMR7_GLOBAL_IRQHandler                   0x080001b7   Thumb Code     0  startup_at32f403a_407.o(.text)
    TMR8_BRK_TMR12_IRQHandler                0x080001b7   Thumb Code     0  startup_at32f403a_407.o(.text)
    TMR8_CH_IRQHandler                       0x080001b7   Thumb Code     0  startup_at32f403a_407.o(.text)
    TMR8_OVF_TMR13_IRQHandler                0x080001b7   Thumb Code     0  startup_at32f403a_407.o(.text)
    TMR8_TRG_HALL_TMR14_IRQHandler           0x080001b7   Thumb Code     0  startup_at32f403a_407.o(.text)
    UART4_IRQHandler                         0x080001b7   Thumb Code     0  startup_at32f403a_407.o(.text)
    UART5_IRQHandler                         0x080001b7   Thumb Code     0  startup_at32f403a_407.o(.text)
    UART7_IRQHandler                         0x080001b7   Thumb Code     0  startup_at32f403a_407.o(.text)
    UART8_IRQHandler                         0x080001b7   Thumb Code     0  startup_at32f403a_407.o(.text)
    USART1_IRQHandler                        0x080001b7   Thumb Code     0  startup_at32f403a_407.o(.text)
    USART2_IRQHandler                        0x080001b7   Thumb Code     0  startup_at32f403a_407.o(.text)
    USART6_IRQHandler                        0x080001b7   Thumb Code     0  startup_at32f403a_407.o(.text)
    USBFSWakeUp_IRQHandler                   0x080001b7   Thumb Code     0  startup_at32f403a_407.o(.text)
    USBFS_H_CAN1_TX_IRQHandler               0x080001b7   Thumb Code     0  startup_at32f403a_407.o(.text)
    USBFS_L_CAN1_RX0_IRQHandler              0x080001b7   Thumb Code     0  startup_at32f403a_407.o(.text)
    USBFS_MAPH_IRQHandler                    0x080001b7   Thumb Code     0  startup_at32f403a_407.o(.text)
    USBFS_MAPL_IRQHandler                    0x080001b7   Thumb Code     0  startup_at32f403a_407.o(.text)
    WWDT_IRQHandler                          0x080001b7   Thumb Code     0  startup_at32f403a_407.o(.text)
    XMC_IRQHandler                           0x080001b7   Thumb Code     0  startup_at32f403a_407.o(.text)
    __scatterload                            0x080001c1   Thumb Code    28  init.o(.text)
    __scatterload_rt2                        0x080001c1   Thumb Code     0  init.o(.text)
    BusFault_Handler                         0x080001e5   Thumb Code     4  at32f403a_407_int.o(i.BusFault_Handler)
    DebugMon_Handler                         0x080001e9   Thumb Code     2  at32f403a_407_int.o(i.DebugMon_Handler)
    HardFault_Handler                        0x080001eb   Thumb Code     4  at32f403a_407_int.o(i.HardFault_Handler)
    MemManage_Handler                        0x080001ef   Thumb Code     4  at32f403a_407_int.o(i.MemManage_Handler)
    NMI_Handler                              0x080001f3   Thumb Code     2  at32f403a_407_int.o(i.NMI_Handler)
    PendSV_Handler                           0x080001f5   Thumb Code     2  at32f403a_407_int.o(i.PendSV_Handler)
    SVC_Handler                              0x080001f7   Thumb Code     2  at32f403a_407_int.o(i.SVC_Handler)
    SysTick_Handler                          0x080001f9   Thumb Code     2  at32f403a_407_int.o(i.SysTick_Handler)
    SystemInit                               0x080001fd   Thumb Code   100  system_at32f403a_407.o(i.SystemInit)
    USART3_IRQHandler                        0x0800026d   Thumb Code    40  bsp_uart.o(i.USART3_IRQHandler)
    UsageFault_Handler                       0x08000299   Thumb Code     4  at32f403a_407_int.o(i.UsageFault_Handler)
    __0printf$bare                           0x0800029d   Thumb Code     8  printfb.o(i.__0printf$bare)
    __1printf$bare                           0x0800029d   Thumb Code     0  printfb.o(i.__0printf$bare)
    __2printf                                0x0800029d   Thumb Code     0  printfb.o(i.__0printf$bare)
    __scatterload_copy                       0x080002ad   Thumb Code    14  handlers.o(i.__scatterload_copy)
    __scatterload_null                       0x080002bb   Thumb Code     2  handlers.o(i.__scatterload_null)
    __scatterload_zeroinit                   0x080002bd   Thumb Code    14  handlers.o(i.__scatterload_zeroinit)
    bsp_uart_gpio_init                       0x080002ed   Thumb Code    68  bsp_uart.o(i.bsp_uart_gpio_init)
    bsp_uart_init                            0x08000339   Thumb Code    68  bsp_uart.o(i.bsp_uart_init)
    bsp_uart_nvic_init                       0x08000389   Thumb Code    20  bsp_uart.o(i.bsp_uart_nvic_init)
    crm_ahb_div_set                          0x0800039d   Thumb Code    14  at32f403a_407_crm.o(i.crm_ahb_div_set)
    crm_apb1_div_set                         0x080003b1   Thumb Code    14  at32f403a_407_crm.o(i.crm_apb1_div_set)
    crm_apb2_div_set                         0x080003c5   Thumb Code    14  at32f403a_407_crm.o(i.crm_apb2_div_set)
    crm_auto_step_mode_enable                0x080003d9   Thumb Code    34  at32f403a_407_crm.o(i.crm_auto_step_mode_enable)
    crm_clock_source_enable                  0x08000401   Thumb Code    90  at32f403a_407_crm.o(i.crm_clock_source_enable)
    crm_clocks_freq_get                      0x08000461   Thumb Code   268  at32f403a_407_crm.o(i.crm_clocks_freq_get)
    crm_flag_get                             0x0800058d   Thumb Code    42  at32f403a_407_crm.o(i.crm_flag_get)
    crm_hext_clock_div_set                   0x080005bd   Thumb Code    14  at32f403a_407_crm.o(i.crm_hext_clock_div_set)
    crm_hext_stable_wait                     0x080005d1   Thumb Code    46  at32f403a_407_crm.o(i.crm_hext_stable_wait)
    crm_periph_clock_enable                  0x08000601   Thumb Code    62  at32f403a_407_crm.o(i.crm_periph_clock_enable)
    crm_pll_config                           0x08000645   Thumb Code   104  at32f403a_407_crm.o(i.crm_pll_config)
    crm_reset                                0x080006b1   Thumb Code    80  at32f403a_407_crm.o(i.crm_reset)
    crm_sysclk_switch                        0x08000709   Thumb Code    14  at32f403a_407_crm.o(i.crm_sysclk_switch)
    crm_sysclk_switch_status_get             0x0800071d   Thumb Code    10  at32f403a_407_crm.o(i.crm_sysclk_switch_status_get)
    fputc                                    0x0800072d   Thumb Code    54  bsp_uart.o(i.fputc)
    gpio_init                                0x08000769   Thumb Code   168  at32f403a_407_gpio.o(i.gpio_init)
    main                                     0x08000811   Thumb Code    18  main.o(i.main)
    nvic_irq_enable                          0x08000835   Thumb Code   190  at32f403a_407_misc.o(i.nvic_irq_enable)
    nvic_priority_group_config               0x080008fd   Thumb Code    32  at32f403a_407_misc.o(i.nvic_priority_group_config)
    system_clock_config                      0x08000925   Thumb Code   112  at32f403a_407_clock.o(i.system_clock_config)
    system_core_clock_update                 0x08000995   Thumb Code   222  system_at32f403a_407.o(i.system_core_clock_update)
    usart_data_receive                       0x08000a8d   Thumb Code     8  at32f403a_407_usart.o(i.usart_data_receive)
    usart_data_transmit                      0x08000a95   Thumb Code     8  at32f403a_407_usart.o(i.usart_data_transmit)
    usart_enable                             0x08000a9d   Thumb Code    10  at32f403a_407_usart.o(i.usart_enable)
    usart_flag_clear                         0x08000aa7   Thumb Code    18  at32f403a_407_usart.o(i.usart_flag_clear)
    usart_flag_get                           0x08000ab9   Thumb Code    16  at32f403a_407_usart.o(i.usart_flag_get)
    usart_init                               0x08000ac9   Thumb Code   120  at32f403a_407_usart.o(i.usart_init)
    usart_interrupt_enable                   0x08000b51   Thumb Code    54  at32f403a_407_usart.o(i.usart_interrupt_enable)
    usart_receiver_enable                    0x08000b87   Thumb Code    10  at32f403a_407_usart.o(i.usart_receiver_enable)
    usart_transmitter_enable                 0x08000b91   Thumb Code    10  at32f403a_407_usart.o(i.usart_transmitter_enable)
    Region$$Table$$Base                      0x08000bd4   Number         0  anon$$obj.o(Region$$Table)
    Region$$Table$$Limit                     0x08000bf4   Number         0  anon$$obj.o(Region$$Table)
    system_core_clock                        0x20000000   Data           4  system_at32f403a_407.o(.data)
    __stdout                                 0x20000004   Data           4  stdout.o(.data)
    __initial_sp                             0x20000408   Data           0  startup_at32f403a_407.o(STACK)



==============================================================================

Memory Map of the image

  Image Entry point : 0x08000185

  Load Region LR_IROM1 (Base: 0x08000000, Size: 0x00000bfc, Max: 0x00100000, ABSOLUTE)

    Execution Region ER_IROM1 (Exec base: 0x08000000, Load base: 0x08000000, Size: 0x00000bf4, Max: 0x00100000, ABSOLUTE)

    Exec Addr    Load Addr    Size         Type   Attr      Idx    E Section Name        Object

    0x08000000   0x08000000   0x00000184   Data   RO            3    RESET               startup_at32f403a_407.o
    0x08000184   0x08000184   0x00000000   Code   RO         3616  * .ARM.Collect$$$$00000000  mc_w.l(entry.o)
    0x08000184   0x08000184   0x00000004   Code   RO         3879    .ARM.Collect$$$$00000001  mc_w.l(entry2.o)
    0x08000188   0x08000188   0x00000004   Code   RO         3882    .ARM.Collect$$$$00000004  mc_w.l(entry5.o)
    0x0800018c   0x0800018c   0x00000000   Code   RO         3884    .ARM.Collect$$$$00000008  mc_w.l(entry7b.o)
    0x0800018c   0x0800018c   0x00000000   Code   RO         3886    .ARM.Collect$$$$0000000A  mc_w.l(entry8b.o)
    0x0800018c   0x0800018c   0x00000008   Code   RO         3887    .ARM.Collect$$$$0000000B  mc_w.l(entry9a.o)
    0x08000194   0x08000194   0x00000004   Code   RO         3894    .ARM.Collect$$$$0000000E  mc_w.l(entry12b.o)
    0x08000198   0x08000198   0x00000000   Code   RO         3889    .ARM.Collect$$$$0000000F  mc_w.l(entry10a.o)
    0x08000198   0x08000198   0x00000000   Code   RO         3891    .ARM.Collect$$$$00000011  mc_w.l(entry11a.o)
    0x08000198   0x08000198   0x00000004   Code   RO         3880    .ARM.Collect$$$$00002712  mc_w.l(entry2.o)
    0x0800019c   0x0800019c   0x00000024   Code   RO            4    .text               startup_at32f403a_407.o
    0x080001c0   0x080001c0   0x00000024   Code   RO         3911    .text               mc_w.l(init.o)
    0x080001e4   0x080001e4   0x00000004   Code   RO         3520    i.BusFault_Handler  at32f403a_407_int.o
    0x080001e8   0x080001e8   0x00000002   Code   RO         3521    i.DebugMon_Handler  at32f403a_407_int.o
    0x080001ea   0x080001ea   0x00000004   Code   RO         3522    i.HardFault_Handler  at32f403a_407_int.o
    0x080001ee   0x080001ee   0x00000004   Code   RO         3523    i.MemManage_Handler  at32f403a_407_int.o
    0x080001f2   0x080001f2   0x00000002   Code   RO         3524    i.NMI_Handler       at32f403a_407_int.o
    0x080001f4   0x080001f4   0x00000002   Code   RO         3525    i.PendSV_Handler    at32f403a_407_int.o
    0x080001f6   0x080001f6   0x00000002   Code   RO         3526    i.SVC_Handler       at32f403a_407_int.o
    0x080001f8   0x080001f8   0x00000002   Code   RO         3527    i.SysTick_Handler   at32f403a_407_int.o
    0x080001fa   0x080001fa   0x00000002   PAD
    0x080001fc   0x080001fc   0x00000070   Code   RO           13    i.SystemInit        system_at32f403a_407.o
    0x0800026c   0x0800026c   0x0000002c   Code   RO         3417    i.USART3_IRQHandler  bsp_uart.o
    0x08000298   0x08000298   0x00000004   Code   RO         3528    i.UsageFault_Handler  at32f403a_407_int.o
    0x0800029c   0x0800029c   0x00000010   Code   RO         3620    i.__0printf$bare    mc_w.l(printfb.o)
    0x080002ac   0x080002ac   0x0000000e   Code   RO         3923    i.__scatterload_copy  mc_w.l(handlers.o)
    0x080002ba   0x080002ba   0x00000002   Code   RO         3924    i.__scatterload_null  mc_w.l(handlers.o)
    0x080002bc   0x080002bc   0x0000000e   Code   RO         3925    i.__scatterload_zeroinit  mc_w.l(handlers.o)
    0x080002ca   0x080002ca   0x00000022   Code   RO         3627    i._printf_core      mc_w.l(printfb.o)
    0x080002ec   0x080002ec   0x0000004c   Code   RO         3418    i.bsp_uart_gpio_init  bsp_uart.o
    0x08000338   0x08000338   0x00000050   Code   RO         3419    i.bsp_uart_init     bsp_uart.o
    0x08000388   0x08000388   0x00000014   Code   RO         3420    i.bsp_uart_nvic_init  bsp_uart.o
    0x0800039c   0x0800039c   0x00000014   Code   RO          790    i.crm_ahb_div_set   at32f403a_407_crm.o
    0x080003b0   0x080003b0   0x00000014   Code   RO          791    i.crm_apb1_div_set  at32f403a_407_crm.o
    0x080003c4   0x080003c4   0x00000014   Code   RO          792    i.crm_apb2_div_set  at32f403a_407_crm.o
    0x080003d8   0x080003d8   0x00000028   Code   RO          793    i.crm_auto_step_mode_enable  at32f403a_407_crm.o
    0x08000400   0x08000400   0x00000060   Code   RO          799    i.crm_clock_source_enable  at32f403a_407_crm.o
    0x08000460   0x08000460   0x0000012c   Code   RO          800    i.crm_clocks_freq_get  at32f403a_407_crm.o
    0x0800058c   0x0800058c   0x00000030   Code   RO          802    i.crm_flag_get      at32f403a_407_crm.o
    0x080005bc   0x080005bc   0x00000014   Code   RO          804    i.crm_hext_clock_div_set  at32f403a_407_crm.o
    0x080005d0   0x080005d0   0x0000002e   Code   RO          805    i.crm_hext_stable_wait  at32f403a_407_crm.o
    0x080005fe   0x080005fe   0x00000002   PAD
    0x08000600   0x08000600   0x00000044   Code   RO          812    i.crm_periph_clock_enable  at32f403a_407_crm.o
    0x08000644   0x08000644   0x0000006c   Code   RO          815    i.crm_pll_config    at32f403a_407_crm.o
    0x080006b0   0x080006b0   0x00000058   Code   RO          816    i.crm_reset         at32f403a_407_crm.o
    0x08000708   0x08000708   0x00000014   Code   RO          819    i.crm_sysclk_switch  at32f403a_407_crm.o
    0x0800071c   0x0800071c   0x00000010   Code   RO          820    i.crm_sysclk_switch_status_get  at32f403a_407_crm.o
    0x0800072c   0x0800072c   0x0000003c   Code   RO         3421    i.fputc             bsp_uart.o
    0x08000768   0x08000768   0x000000a8   Code   RO         1608    i.gpio_init         at32f403a_407_gpio.o
    0x08000810   0x08000810   0x00000024   Code   RO         3595    i.main              main.o
    0x08000834   0x08000834   0x000000c8   Code   RO         1926    i.nvic_irq_enable   at32f403a_407_misc.o
    0x080008fc   0x080008fc   0x00000028   Code   RO         1928    i.nvic_priority_group_config  at32f403a_407_misc.o
    0x08000924   0x08000924   0x00000070   Code   RO         3496    i.system_clock_config  at32f403a_407_clock.o
    0x08000994   0x08000994   0x000000f8   Code   RO           14    i.system_core_clock_update  system_at32f403a_407.o
    0x08000a8c   0x08000a8c   0x00000008   Code   RO         2845    i.usart_data_receive  at32f403a_407_usart.o
    0x08000a94   0x08000a94   0x00000008   Code   RO         2846    i.usart_data_transmit  at32f403a_407_usart.o
    0x08000a9c   0x08000a9c   0x0000000a   Code   RO         2849    i.usart_enable      at32f403a_407_usart.o
    0x08000aa6   0x08000aa6   0x00000012   Code   RO         2850    i.usart_flag_clear  at32f403a_407_usart.o
    0x08000ab8   0x08000ab8   0x00000010   Code   RO         2851    i.usart_flag_get    at32f403a_407_usart.o
    0x08000ac8   0x08000ac8   0x00000088   Code   RO         2853    i.usart_init        at32f403a_407_usart.o
    0x08000b50   0x08000b50   0x00000036   Code   RO         2854    i.usart_interrupt_enable  at32f403a_407_usart.o
    0x08000b86   0x08000b86   0x0000000a   Code   RO         2860    i.usart_receiver_enable  at32f403a_407_usart.o
    0x08000b90   0x08000b90   0x0000000a   Code   RO         2867    i.usart_transmitter_enable  at32f403a_407_usart.o
    0x08000b9a   0x08000b9a   0x00000010   Data   RO           15    .constdata          system_at32f403a_407.o
    0x08000baa   0x08000baa   0x00000028   Data   RO          824    .constdata          at32f403a_407_crm.o
    0x08000bd2   0x08000bd2   0x00000002   PAD
    0x08000bd4   0x08000bd4   0x00000020   Data   RO         3921    Region$$Table       anon$$obj.o


    Execution Region RW_IRAM1 (Exec base: 0x20000000, Load base: 0x08000bf4, Size: 0x00000408, Max: 0x00038000, ABSOLUTE)

    Exec Addr    Load Addr    Size         Type   Attr      Idx    E Section Name        Object

    0x20000000   0x08000bf4   0x00000004   Data   RW           16    .data               system_at32f403a_407.o
    0x20000004   0x08000bf8   0x00000004   Data   RW         3895    .data               mc_w.l(stdout.o)
    0x20000008        -       0x00000400   Zero   RW            1    STACK               startup_at32f403a_407.o


==============================================================================

Image component sizes


      Code (inc. data)   RO Data    RW Data    ZI Data      Debug   Object Name

       112          0          0          0          0        578   at32f403a_407_clock.o
       910        110         40          0          0       8645   at32f403a_407_crm.o
       168          0          0          0          0       1168   at32f403a_407_gpio.o
        26          0          0          0          0       4190   at32f403a_407_int.o
       240         18          0          0          0      31958   at32f403a_407_misc.o
       270         16          0          0          0       5875   at32f403a_407_usart.o
       280         30          0          0          0       5354   bsp_uart.o
        36         18          0          0          0        459   main.o
        36          8        388          0       1024        860   startup_at32f403a_407.o
       360         38         16          4          0      42396   system_at32f403a_407.o

    ----------------------------------------------------------------------
      2442        238        478          4       1024     101483   Object Totals
         0          0         32          0          0          0   (incl. Generated)
         4          0          2          0          0          0   (incl. Padding)

    ----------------------------------------------------------------------

      Code (inc. data)   RO Data    RW Data    ZI Data      Debug   Library Member Name

         0          0          0          0          0          0   entry.o
         0          0          0          0          0          0   entry10a.o
         0          0          0          0          0          0   entry11a.o
         4          0          0          0          0          0   entry12b.o
         8          4          0          0          0          0   entry2.o
         4          0          0          0          0          0   entry5.o
         0          0          0          0          0          0   entry7b.o
         0          0          0          0          0          0   entry8b.o
         8          4          0          0          0          0   entry9a.o
        30          0          0          0          0          0   handlers.o
        36          8          0          0          0         68   init.o
        50          8          0          0          0        152   printfb.o
         0          0          0          4          0          0   stdout.o

    ----------------------------------------------------------------------
       140         24          0          4          0        220   Library Totals
         0          0          0          0          0          0   (incl. Padding)

    ----------------------------------------------------------------------

      Code (inc. data)   RO Data    RW Data    ZI Data      Debug   Library Name

       140         24          0          4          0        220   mc_w.l

    ----------------------------------------------------------------------
       140         24          0          4          0        220   Library Totals

    ----------------------------------------------------------------------

==============================================================================


      Code (inc. data)   RO Data    RW Data    ZI Data      Debug   

      2582        262        478          8       1024      98055   Grand Totals
      2582        262        478          8       1024      98055   ELF Image Totals
      2582        262        478          8          0          0   ROM Totals

==============================================================================

    Total RO  Size (Code + RO Data)                 3060 (   2.99kB)
    Total RW  Size (RW Data + ZI Data)              1032 (   1.01kB)
    Total ROM Size (Code + RO Data + RW Data)       3068 (   3.00kB)

==============================================================================

