<html>
<body>
<pre>
<h1>µVision Build Log</h1>
<h2>Tool Versions:</h2>
IDE-Version: ¦ÌVision V5.37.0.0
Copyright (C) 2022 ARM Ltd and ARM Germany GmbH. All rights reserved.
License Information: 1 11, 1, LIC=JL28G-VCMSV-KP2ZY-IZWSA-HKEDW-2YB24
 
Tool Versions:
Toolchain:       MDK-ARM Plus  Version: 5.37.0.0
Toolchain Path:  d:\Keil_v5\ARM\ARM_Compiler_5.06u7\Bin
C Compiler:      Armcc.exe V5.06 update 7 (build 960)
Assembler:       Armasm.exe V5.06 update 7 (build 960)
Linker/Locator:  ArmLink.exe V5.06 update 7 (build 960)
Library Manager: ArmAr.exe V5.06 update 7 (build 960)
Hex Converter:   FromElf.exe V5.06 update 7 (build 960)
CPU DLL:         SARMCM3.DLL V5.37.0.0
Dialog DLL:      DCM.DLL V1.17.5.0
Target DLL:      CMSIS_AGDI.dll V1.33.12.0
Dialog DLL:      TCM.DLL V1.56.1.0
 
<h2>Project:</h2>
C:\Users\12250\Desktop\AT32F403A_BSP\project\AT32F403A_BSP.uvprojx
Project File Date:  07/15/2022

<h2>Output:</h2>
*** Using Compiler 'V5.06 update 7 (build 960)', folder: 'd:\Keil_v5\ARM\ARM_Compiler_5.06u7\Bin'
Build target 'Target 1'
assembling startup_at32f403a_407.s...
compiling at32f403a_407_crc.c...
compiling at32f403a_407_bpr.c...
compiling system_at32f403a_407.c...
compiling at32f403a_407_acc.c...
compiling at32f403a_407_adc.c...
compiling at32f403a_407_can.c...
compiling at32f403a_407_crm.c...
compiling at32f403a_407_debug.c...
compiling at32f403a_407_dac.c...
compiling at32f403a_407_dma.c...
compiling at32f403a_407_exint.c...
compiling at32f403a_407_emac.c...
compiling at32f403a_407_flash.c...
compiling at32f403a_407_gpio.c...
compiling at32f403a_407_rtc.c...
compiling at32f403a_407_i2c.c...
compiling at32f403a_407_misc.c...
compiling at32f403a_407_pwc.c...
compiling at32f403a_407_sdio.c...
compiling at32f403a_407_spi.c...
compiling at32f403a_407_tmr.c...
compiling at32f403a_407_usart.c...
compiling at32f403a_407_wwdt.c...
compiling at32f403a_407_wdt.c...
compiling at32f403a_407_xmc.c...
compiling at32f403a_407_usb.c...
compiling at32f403a_407_clock.c...
compiling bsp_uart.c...
compiling at32f403a_407_int.c...
compiling main.c...
linking...
Program Size: Code=2582 RO-data=478 RW-data=8 ZI-data=1024  
FromELF: creating hex file...
".\Output\AT32F403A_BSP.axf" - 0 Error(s), 0 Warning(s).

<h2>Software Packages used:</h2>

Package Vendor: ArteryTek
                
                ArteryTek.AT32F403A_407_DFP.2.0.7
                ArteryTek AT32F403A_407 Series Device Support,Drivers

<h2>Collection of Component include folders:</h2>
  D:/Users/12250/AppData/Local/Arm/Packs/ArteryTek/AT32F403A_407_DFP/2.0.7/Device/Include

<h2>Collection of Component Files used:</h2>
Build Time Elapsed:  00:00:03
</pre>
</body>
</html>
